2025-04-27 15:03:24,665 - INFO - Traitement du fichier PDF: d:\madsea\pdf storyboard\E202_nanoTech 2024-04-09 11.25.08.pdf
2025-04-27 15:03:24,665 - INFO - Dossier de sortie: C:\Users\MIZIK\AppData\Local\Temp\madsea_test_ocr_n_5y_sba
2025-04-27 15:03:24,666 - INFO - Nombre de pages: 13
2025-04-27 15:03:24,666 - DEBUG - Traitement de la page 1/13
2025-04-27 15:03:24,677 - DEBUG - Texte natif trouvÚ sur la page 1 (2669 caractÞres)
2025-04-27 15:03:24,677 - DEBUG - Nombre d'images trouvÚes sur la page 1: 7
2025-04-27 15:03:24,677 - DEBUG - Traitement de l'image 1 (xref: 9) sur la page 1
2025-04-27 15:03:24,678 - DEBUG - Image sauvegardÚe: C:\Users\MIZIK\AppData\Local\Temp\madsea_test_ocr_n_5y_sba\page1_panel1.jpeg (179950 bytes)
2025-04-27 15:03:24,720 - DEBUG - ['C:\\Program Files\\Tesseract-OCR\\tesseract.exe', 'C:\\Users\\MIZIK\\AppData\\Local\\Temp\\tess_8usivp0k_input.PNG', 'C:\\Users\\MIZIK\\AppData\\Local\\Temp\\tess_8usivp0k', '-l', 'fra+eng', '--psm', '6', 'txt']
2025-04-27 15:03:24,948 - DEBUG - Texte OCR trouvÚ image 1 page 1 (51 caractÞres)
2025-04-27 15:03:24,948 - DEBUG - Traitement de l'image 2 (xref: 11) sur la page 1
2025-04-27 15:03:24,949 - DEBUG - Image sauvegardÚe: C:\Users\MIZIK\AppData\Local\Temp\madsea_test_ocr_n_5y_sba\page1_panel2.jpeg (113279 bytes)
2025-04-27 15:03:24,971 - DEBUG - ['C:\\Program Files\\Tesseract-OCR\\tesseract.exe', 'C:\\Users\\MIZIK\\AppData\\Local\\Temp\\tess_d8ltp34d_input.PNG', 'C:\\Users\\MIZIK\\AppData\\Local\\Temp\\tess_d8ltp34d', '-l', 'fra+eng', '--psm', '6', 'txt']
2025-04-27 15:03:25,205 - DEBUG - Texte OCR trouvÚ image 2 page 1 (36 caractÞres)
2025-04-27 15:03:25,205 - DEBUG - Traitement de l'image 3 (xref: 12) sur la page 1
2025-04-27 15:03:25,206 - DEBUG - Image sauvegardÚe: C:\Users\MIZIK\AppData\Local\Temp\madsea_test_ocr_n_5y_sba\page1_panel3.jpeg (198417 bytes)
2025-04-27 15:03:25,229 - DEBUG - ['C:\\Program Files\\Tesseract-OCR\\tesseract.exe', 'C:\\Users\\MIZIK\\AppData\\Local\\Temp\\tess_8x9dpp4p_input.PNG', 'C:\\Users\\MIZIK\\AppData\\Local\\Temp\\tess_8x9dpp4p', '-l', 'fra+eng', '--psm', '6', 'txt']
2025-04-27 15:03:25,407 - DEBUG - Texte OCR trouvÚ image 3 page 1 (28 caractÞres)
2025-04-27 15:03:25,407 - DEBUG - Traitement de l'image 4 (xref: 13) sur la page 1
2025-04-27 15:03:25,407 - DEBUG - Image sauvegardÚe: C:\Users\MIZIK\AppData\Local\Temp\madsea_test_ocr_n_5y_sba\page1_panel4.jpeg (24921 bytes)
2025-04-27 15:03:25,431 - DEBUG - ['C:\\Program Files\\Tesseract-OCR\\tesseract.exe', 'C:\\Users\\MIZIK\\AppData\\Local\\Temp\\tess_cmdi59bc_input.PNG', 'C:\\Users\\MIZIK\\AppData\\Local\\Temp\\tess_cmdi59bc', '-l', 'fra+eng', '--psm', '6', 'txt']
2025-04-27 15:03:25,654 - DEBUG - Texte OCR trouvÚ image 4 page 1 (3 caractÞres)
2025-04-27 15:03:25,654 - DEBUG - Traitement de l'image 5 (xref: 14) sur la page 1
2025-04-27 15:03:25,654 - DEBUG - Image sauvegardÚe: C:\Users\MIZIK\AppData\Local\Temp\madsea_test_ocr_n_5y_sba\page1_panel5.jpeg (18348 bytes)
2025-04-27 15:03:25,668 - DEBUG - ['C:\\Program Files\\Tesseract-OCR\\tesseract.exe', 'C:\\Users\\MIZIK\\AppData\\Local\\Temp\\tess_qxv14477_input.PNG', 'C:\\Users\\MIZIK\\AppData\\Local\\Temp\\tess_qxv14477', '-l', 'fra+eng', '--psm', '6', 'txt']
2025-04-27 15:03:25,812 - DEBUG - Texte OCR trouvÚ image 5 page 1 (1 caractÞres)
2025-04-27 15:03:25,812 - DEBUG - Traitement de l'image 6 (xref: 15) sur la page 1
2025-04-27 15:03:25,814 - DEBUG - Image sauvegardÚe: C:\Users\MIZIK\AppData\Local\Temp\madsea_test_ocr_n_5y_sba\page1_panel6.jpeg (18348 bytes)
2025-04-27 15:03:25,828 - DEBUG - ['C:\\Program Files\\Tesseract-OCR\\tesseract.exe', 'C:\\Users\\MIZIK\\AppData\\Local\\Temp\\tess_yw1_kir8_input.PNG', 'C:\\Users\\MIZIK\\AppData\\Local\\Temp\\tess_yw1_kir8', '-l', 'fra+eng', '--psm', '6', 'txt']
2025-04-27 15:03:25,980 - DEBUG - Texte OCR trouvÚ image 6 page 1 (1 caractÞres)
2025-04-27 15:03:25,980 - DEBUG - Traitement de l'image 7 (xref: 17) sur la page 1
2025-04-27 15:03:25,981 - DEBUG - Image sauvegardÚe: C:\Users\MIZIK\AppData\Local\Temp\madsea_test_ocr_n_5y_sba\page1_panel7.png (194 bytes)
2025-04-27 15:03:25,982 - DEBUG - ['C:\\Program Files\\Tesseract-OCR\\tesseract.exe', 'C:\\Users\\MIZIK\\AppData\\Local\\Temp\\tess_jlfbyec6_input.PNG', 'C:\\Users\\MIZIK\\AppData\\Local\\Temp\\tess_jlfbyec6', '-l', 'fra+eng', '--psm', '6', 'txt']
2025-04-27 15:03:26,111 - DEBUG - Texte OCR trouvÚ image 7 page 1 (9 caractÞres)
2025-04-27 15:03:26,111 - DEBUG - Traitement de la page 2/13
2025-04-27 15:03:26,113 - DEBUG - Texte natif trouvÚ sur la page 2 (3512 caractÞres)
2025-04-27 15:03:26,114 - DEBUG - Nombre d'images trouvÚes sur la page 2: 7
2025-04-27 15:03:26,114 - DEBUG - Traitement de l'image 1 (xref: 21) sur la page 2
2025-04-27 15:03:26,114 - DEBUG - Image sauvegardÚe: C:\Users\MIZIK\AppData\Local\Temp\madsea_test_ocr_n_5y_sba\page2_panel1.jpeg (187903 bytes)
2025-04-27 15:03:26,138 - DEBUG - ['C:\\Program Files\\Tesseract-OCR\\tesseract.exe', 'C:\\Users\\MIZIK\\AppData\\Local\\Temp\\tess_iyjdsl55_input.PNG', 'C:\\Users\\MIZIK\\AppData\\Local\\Temp\\tess_iyjdsl55', '-l', 'fra+eng', '--psm', '6', 'txt']
2025-04-27 15:03:26,556 - DEBUG - Texte OCR trouvÚ image 1 page 2 (195 caractÞres)
2025-04-27 15:03:26,556 - DEBUG - Traitement de l'image 2 (xref: 22) sur la page 2
2025-04-27 15:03:26,558 - DEBUG - Image sauvegardÚe: C:\Users\MIZIK\AppData\Local\Temp\madsea_test_ocr_n_5y_sba\page2_panel2.jpeg (132785 bytes)
2025-04-27 15:03:26,576 - DEBUG - ['C:\\Program Files\\Tesseract-OCR\\tesseract.exe', 'C:\\Users\\MIZIK\\AppData\\Local\\Temp\\tess_m_gmy09p_input.PNG', 'C:\\Users\\MIZIK\\AppData\\Local\\Temp\\tess_m_gmy09p', '-l', 'fra+eng', '--psm', '6', 'txt']
2025-04-27 15:03:26,756 - DEBUG - Texte OCR trouvÚ image 2 page 2 (10 caractÞres)
2025-04-27 15:03:26,756 - DEBUG - Traitement de l'image 3 (xref: 23) sur la page 2
2025-04-27 15:03:26,756 - DEBUG - Image sauvegardÚe: C:\Users\MIZIK\AppData\Local\Temp\madsea_test_ocr_n_5y_sba\page2_panel3.jpeg (245337 bytes)
2025-04-27 15:03:26,780 - DEBUG - ['C:\\Program Files\\Tesseract-OCR\\tesseract.exe', 'C:\\Users\\MIZIK\\AppData\\Local\\Temp\\tess_hre5ar0h_input.PNG', 'C:\\Users\\MIZIK\\AppData\\Local\\Temp\\tess_hre5ar0h', '-l', 'fra+eng', '--psm', '6', 'txt']
2025-04-27 15:03:27,034 - DEBUG - Texte OCR trouvÚ image 3 page 2 (77 caractÞres)
2025-04-27 15:03:27,034 - DEBUG - Traitement de l'image 4 (xref: 24) sur la page 2
2025-04-27 15:03:27,034 - DEBUG - Image sauvegardÚe: C:\Users\MIZIK\AppData\Local\Temp\madsea_test_ocr_n_5y_sba\page2_panel4.jpeg (48018 bytes)
2025-04-27 15:03:27,046 - DEBUG - ['C:\\Program Files\\Tesseract-OCR\\tesseract.exe', 'C:\\Users\\MIZIK\\AppData\\Local\\Temp\\tess_narovxc3_input.PNG', 'C:\\Users\\MIZIK\\AppData\\Local\\Temp\\tess_narovxc3', '-l', 'fra+eng', '--psm', '6', 'txt']
2025-04-27 15:03:27,273 - DEBUG - Texte OCR trouvÚ image 4 page 2 (17 caractÞres)
2025-04-27 15:03:27,274 - DEBUG - Traitement de l'image 5 (xref: 25) sur la page 2
2025-04-27 15:03:27,274 - DEBUG - Image sauvegardÚe: C:\Users\MIZIK\AppData\Local\Temp\madsea_test_ocr_n_5y_sba\page2_panel5.jpeg (137244 bytes)
2025-04-27 15:03:27,302 - DEBUG - ['C:\\Program Files\\Tesseract-OCR\\tesseract.exe', 'C:\\Users\\MIZIK\\AppData\\Local\\Temp\\tess_a7ireitg_input.PNG', 'C:\\Users\\MIZIK\\AppData\\Local\\Temp\\tess_a7ireitg', '-l', 'fra+eng', '--psm', '6', 'txt']
2025-04-27 15:03:27,460 - DEBUG - Texte OCR trouvÚ image 5 page 2 (1 caractÞres)
2025-04-27 15:03:27,460 - DEBUG - Traitement de l'image 6 (xref: 26) sur la page 2
2025-04-27 15:03:27,461 - DEBUG - Image sauvegardÚe: C:\Users\MIZIK\AppData\Local\Temp\madsea_test_ocr_n_5y_sba\page2_panel6.jpeg (79680 bytes)
2025-04-27 15:03:27,476 - DEBUG - ['C:\\Program Files\\Tesseract-OCR\\tesseract.exe', 'C:\\Users\\MIZIK\\AppData\\Local\\Temp\\tess_4q6qjoga_input.PNG', 'C:\\Users\\MIZIK\\AppData\\Local\\Temp\\tess_4q6qjoga', '-l', 'fra+eng', '--psm', '6', 'txt']
2025-04-27 15:03:27,662 - DEBUG - Texte OCR trouvÚ image 6 page 2 (27 caractÞres)
2025-04-27 15:03:27,662 - DEBUG - Traitement de l'image 7 (xref: 17) sur la page 2
2025-04-27 15:03:27,663 - DEBUG - Image sauvegardÚe: C:\Users\MIZIK\AppData\Local\Temp\madsea_test_ocr_n_5y_sba\page2_panel7.png (194 bytes)
2025-04-27 15:03:27,665 - DEBUG - ['C:\\Program Files\\Tesseract-OCR\\tesseract.exe', 'C:\\Users\\MIZIK\\AppData\\Local\\Temp\\tess_5jn1ag0m_input.PNG', 'C:\\Users\\MIZIK\\AppData\\Local\\Temp\\tess_5jn1ag0m', '-l', 'fra+eng', '--psm', '6', 'txt']
2025-04-27 15:03:27,784 - DEBUG - Texte OCR trouvÚ image 7 page 2 (9 caractÞres)
2025-04-27 15:03:27,785 - DEBUG - Traitement de la page 3/13
2025-04-27 15:03:27,787 - DEBUG - Texte natif trouvÚ sur la page 3 (3884 caractÞres)
2025-04-27 15:03:27,788 - DEBUG - Nombre d'images trouvÚes sur la page 3: 7
2025-04-27 15:03:27,788 - DEBUG - Traitement de l'image 1 (xref: 30) sur la page 3
2025-04-27 15:03:27,788 - DEBUG - Image sauvegardÚe: C:\Users\MIZIK\AppData\Local\Temp\madsea_test_ocr_n_5y_sba\page3_panel1.jpeg (163934 bytes)
2025-04-27 15:03:27,810 - DEBUG - ['C:\\Program Files\\Tesseract-OCR\\tesseract.exe', 'C:\\Users\\MIZIK\\AppData\\Local\\Temp\\tess_eo9rn7ii_input.PNG', 'C:\\Users\\MIZIK\\AppData\\Local\\Temp\\tess_eo9rn7ii', '-l', 'fra+eng', '--psm', '6', 'txt']
2025-04-27 15:03:28,023 - DEBUG - Texte OCR trouvÚ image 1 page 3 (50 caractÞres)
2025-04-27 15:03:28,023 - DEBUG - Traitement de l'image 2 (xref: 31) sur la page 3
2025-04-27 15:03:28,024 - DEBUG - Image sauvegardÚe: C:\Users\MIZIK\AppData\Local\Temp\madsea_test_ocr_n_5y_sba\page3_panel2.jpeg (116312 bytes)
2025-04-27 15:03:28,044 - DEBUG - ['C:\\Program Files\\Tesseract-OCR\\tesseract.exe', 'C:\\Users\\MIZIK\\AppData\\Local\\Temp\\tess_4tnst7di_input.PNG', 'C:\\Users\\MIZIK\\AppData\\Local\\Temp\\tess_4tnst7di', '-l', 'fra+eng', '--psm', '6', 'txt']
2025-04-27 15:03:28,205 - DEBUG - Texte OCR trouvÚ image 2 page 3 (6 caractÞres)
2025-04-27 15:03:28,205 - DEBUG - Traitement de l'image 3 (xref: 32) sur la page 3
2025-04-27 15:03:28,206 - DEBUG - Image sauvegardÚe: C:\Users\MIZIK\AppData\Local\Temp\madsea_test_ocr_n_5y_sba\page3_panel3.jpeg (472786 bytes)
2025-04-27 15:03:28,241 - DEBUG - ['C:\\Program Files\\Tesseract-OCR\\tesseract.exe', 'C:\\Users\\MIZIK\\AppData\\Local\\Temp\\tess_eeij0nq5_input.PNG', 'C:\\Users\\MIZIK\\AppData\\Local\\Temp\\tess_eeij0nq5', '-l', 'fra+eng', '--psm', '6', 'txt']
2025-04-27 15:03:29,202 - DEBUG - Texte OCR trouvÚ image 3 page 3 (482 caractÞres)
2025-04-27 15:03:29,202 - DEBUG - Traitement de l'image 4 (xref: 33) sur la page 3
2025-04-27 15:03:29,203 - DEBUG - Image sauvegardÚe: C:\Users\MIZIK\AppData\Local\Temp\madsea_test_ocr_n_5y_sba\page3_panel4.jpeg (423246 bytes)
2025-04-27 15:03:29,236 - DEBUG - ['C:\\Program Files\\Tesseract-OCR\\tesseract.exe', 'C:\\Users\\MIZIK\\AppData\\Local\\Temp\\tess_k4v_fyts_input.PNG', 'C:\\Users\\MIZIK\\AppData\\Local\\Temp\\tess_k4v_fyts', '-l', 'fra+eng', '--psm', '6', 'txt']
2025-04-27 15:03:29,669 - DEBUG - Texte OCR trouvÚ image 4 page 3 (193 caractÞres)
2025-04-27 15:03:29,669 - DEBUG - Traitement de l'image 5 (xref: 34) sur la page 3
2025-04-27 15:03:29,670 - DEBUG - Image sauvegardÚe: C:\Users\MIZIK\AppData\Local\Temp\madsea_test_ocr_n_5y_sba\page3_panel5.jpeg (158442 bytes)
2025-04-27 15:03:29,696 - DEBUG - ['C:\\Program Files\\Tesseract-OCR\\tesseract.exe', 'C:\\Users\\MIZIK\\AppData\\Local\\Temp\\tess_48wfl95q_input.PNG', 'C:\\Users\\MIZIK\\AppData\\Local\\Temp\\tess_48wfl95q', '-l', 'fra+eng', '--psm', '6', 'txt']
2025-04-27 15:03:29,901 - DEBUG - Texte OCR trouvÚ image 5 page 3 (36 caractÞres)
2025-04-27 15:03:29,901 - DEBUG - Traitement de l'image 6 (xref: 35) sur la page 3
2025-04-27 15:03:29,902 - DEBUG - Image sauvegardÚe: C:\Users\MIZIK\AppData\Local\Temp\madsea_test_ocr_n_5y_sba\page3_panel6.jpeg (173425 bytes)
2025-04-27 15:03:29,925 - DEBUG - ['C:\\Program Files\\Tesseract-OCR\\tesseract.exe', 'C:\\Users\\MIZIK\\AppData\\Local\\Temp\\tess_yihukf4a_input.PNG', 'C:\\Users\\MIZIK\\AppData\\Local\\Temp\\tess_yihukf4a', '-l', 'fra+eng', '--psm', '6', 'txt']
2025-04-27 15:03:30,349 - DEBUG - Texte OCR trouvÚ image 6 page 3 (159 caractÞres)
2025-04-27 15:03:30,349 - DEBUG - Traitement de l'image 7 (xref: 17) sur la page 3
2025-04-27 15:03:30,351 - DEBUG - Image sauvegardÚe: C:\Users\MIZIK\AppData\Local\Temp\madsea_test_ocr_n_5y_sba\page3_panel7.png (194 bytes)
2025-04-27 15:03:30,352 - DEBUG - ['C:\\Program Files\\Tesseract-OCR\\tesseract.exe', 'C:\\Users\\MIZIK\\AppData\\Local\\Temp\\tess_myikajiq_input.PNG', 'C:\\Users\\MIZIK\\AppData\\Local\\Temp\\tess_myikajiq', '-l', 'fra+eng', '--psm', '6', 'txt']
2025-04-27 15:03:30,473 - DEBUG - Texte OCR trouvÚ image 7 page 3 (9 caractÞres)
2025-04-27 15:03:30,474 - DEBUG - Traitement de la page 4/13
2025-04-27 15:03:30,476 - DEBUG - Texte natif trouvÚ sur la page 4 (2544 caractÞres)
2025-04-27 15:03:30,476 - DEBUG - Nombre d'images trouvÚes sur la page 4: 7
2025-04-27 15:03:30,476 - DEBUG - Traitement de l'image 1 (xref: 39) sur la page 4
2025-04-27 15:03:30,476 - DEBUG - Image sauvegardÚe: C:\Users\MIZIK\AppData\Local\Temp\madsea_test_ocr_n_5y_sba\page4_panel1.jpeg (157049 bytes)
2025-04-27 15:03:30,495 - DEBUG - ['C:\\Program Files\\Tesseract-OCR\\tesseract.exe', 'C:\\Users\\MIZIK\\AppData\\Local\\Temp\\tess_bqai5jvn_input.PNG', 'C:\\Users\\MIZIK\\AppData\\Local\\Temp\\tess_bqai5jvn', '-l', 'fra+eng', '--psm', '6', 'txt']
2025-04-27 15:03:30,705 - DEBUG - Texte OCR trouvÚ image 1 page 4 (32 caractÞres)
2025-04-27 15:03:30,705 - DEBUG - Traitement de l'image 2 (xref: 40) sur la page 4
2025-04-27 15:03:30,706 - DEBUG - Image sauvegardÚe: C:\Users\MIZIK\AppData\Local\Temp\madsea_test_ocr_n_5y_sba\page4_panel2.jpeg (121190 bytes)
2025-04-27 15:03:30,725 - DEBUG - ['C:\\Program Files\\Tesseract-OCR\\tesseract.exe', 'C:\\Users\\MIZIK\\AppData\\Local\\Temp\\tess_dbnm74ic_input.PNG', 'C:\\Users\\MIZIK\\AppData\\Local\\Temp\\tess_dbnm74ic', '-l', 'fra+eng', '--psm', '6', 'txt']
2025-04-27 15:03:30,931 - DEBUG - Texte OCR trouvÚ image 2 page 4 (34 caractÞres)
2025-04-27 15:03:30,931 - DEBUG - Traitement de l'image 3 (xref: 41) sur la page 4
2025-04-27 15:03:30,931 - DEBUG - Image sauvegardÚe: C:\Users\MIZIK\AppData\Local\Temp\madsea_test_ocr_n_5y_sba\page4_panel3.jpeg (193917 bytes)
2025-04-27 15:03:30,953 - DEBUG - ['C:\\Program Files\\Tesseract-OCR\\tesseract.exe', 'C:\\Users\\MIZIK\\AppData\\Local\\Temp\\tess_ohjdsa65_input.PNG', 'C:\\Users\\MIZIK\\AppData\\Local\\Temp\\tess_ohjdsa65', '-l', 'fra+eng', '--psm', '6', 'txt']
2025-04-27 15:03:31,126 - DEBUG - Texte OCR trouvÚ image 3 page 4 (7 caractÞres)
2025-04-27 15:03:31,126 - DEBUG - Traitement de l'image 4 (xref: 42) sur la page 4
2025-04-27 15:03:31,126 - DEBUG - Image sauvegardÚe: C:\Users\MIZIK\AppData\Local\Temp\madsea_test_ocr_n_5y_sba\page4_panel4.jpeg (18037 bytes)
2025-04-27 15:03:31,141 - DEBUG - ['C:\\Program Files\\Tesseract-OCR\\tesseract.exe', 'C:\\Users\\MIZIK\\AppData\\Local\\Temp\\tess_9aifjnm2_input.PNG', 'C:\\Users\\MIZIK\\AppData\\Local\\Temp\\tess_9aifjnm2', '-l', 'fra+eng', '--psm', '6', 'txt']
2025-04-27 15:03:31,286 - DEBUG - Texte OCR trouvÚ image 4 page 4 (1 caractÞres)
2025-04-27 15:03:31,287 - DEBUG - Traitement de l'image 5 (xref: 43) sur la page 4
2025-04-27 15:03:31,287 - DEBUG - Image sauvegardÚe: C:\Users\MIZIK\AppData\Local\Temp\madsea_test_ocr_n_5y_sba\page4_panel5.jpeg (18037 bytes)
2025-04-27 15:03:31,300 - DEBUG - ['C:\\Program Files\\Tesseract-OCR\\tesseract.exe', 'C:\\Users\\MIZIK\\AppData\\Local\\Temp\\tess_8neo9k7n_input.PNG', 'C:\\Users\\MIZIK\\AppData\\Local\\Temp\\tess_8neo9k7n', '-l', 'fra+eng', '--psm', '6', 'txt']
2025-04-27 15:03:31,445 - DEBUG - Texte OCR trouvÚ image 5 page 4 (1 caractÞres)
2025-04-27 15:03:31,445 - DEBUG - Traitement de l'image 6 (xref: 44) sur la page 4
2025-04-27 15:03:31,445 - DEBUG - Image sauvegardÚe: C:\Users\MIZIK\AppData\Local\Temp\madsea_test_ocr_n_5y_sba\page4_panel6.jpeg (18037 bytes)
2025-04-27 15:03:31,458 - DEBUG - ['C:\\Program Files\\Tesseract-OCR\\tesseract.exe', 'C:\\Users\\MIZIK\\AppData\\Local\\Temp\\tess_8punv0ee_input.PNG', 'C:\\Users\\MIZIK\\AppData\\Local\\Temp\\tess_8punv0ee', '-l', 'fra+eng', '--psm', '6', 'txt']
2025-04-27 15:03:31,604 - DEBUG - Texte OCR trouvÚ image 6 page 4 (1 caractÞres)
2025-04-27 15:03:31,605 - DEBUG - Traitement de l'image 7 (xref: 17) sur la page 4
2025-04-27 15:03:31,605 - DEBUG - Image sauvegardÚe: C:\Users\MIZIK\AppData\Local\Temp\madsea_test_ocr_n_5y_sba\page4_panel7.png (194 bytes)
2025-04-27 15:03:31,606 - DEBUG - ['C:\\Program Files\\Tesseract-OCR\\tesseract.exe', 'C:\\Users\\MIZIK\\AppData\\Local\\Temp\\tess_hyiq1l6i_input.PNG', 'C:\\Users\\MIZIK\\AppData\\Local\\Temp\\tess_hyiq1l6i', '-l', 'fra+eng', '--psm', '6', 'txt']
2025-04-27 15:03:31,733 - DEBUG - Texte OCR trouvÚ image 7 page 4 (9 caractÞres)
2025-04-27 15:03:31,733 - DEBUG - Traitement de la page 5/13
2025-04-27 15:03:31,735 - DEBUG - Texte natif trouvÚ sur la page 5 (3340 caractÞres)
2025-04-27 15:03:31,736 - DEBUG - Nombre d'images trouvÚes sur la page 5: 7
2025-04-27 15:03:31,736 - DEBUG - Traitement de l'image 1 (xref: 48) sur la page 5
2025-04-27 15:03:31,736 - DEBUG - Image sauvegardÚe: C:\Users\MIZIK\AppData\Local\Temp\madsea_test_ocr_n_5y_sba\page5_panel1.jpeg (163771 bytes)
2025-04-27 15:03:31,757 - DEBUG - ['C:\\Program Files\\Tesseract-OCR\\tesseract.exe', 'C:\\Users\\MIZIK\\AppData\\Local\\Temp\\tess_lg0a79z6_input.PNG', 'C:\\Users\\MIZIK\\AppData\\Local\\Temp\\tess_lg0a79z6', '-l', 'fra+eng', '--psm', '6', 'txt']
2025-04-27 15:03:32,186 - DEBUG - Texte OCR trouvÚ image 1 page 5 (206 caractÞres)
2025-04-27 15:03:32,186 - DEBUG - Traitement de l'image 2 (xref: 49) sur la page 5
2025-04-27 15:03:32,187 - DEBUG - Image sauvegardÚe: C:\Users\MIZIK\AppData\Local\Temp\madsea_test_ocr_n_5y_sba\page5_panel2.jpeg (64260 bytes)
2025-04-27 15:03:32,205 - DEBUG - ['C:\\Program Files\\Tesseract-OCR\\tesseract.exe', 'C:\\Users\\MIZIK\\AppData\\Local\\Temp\\tess__2bcxfw__input.PNG', 'C:\\Users\\MIZIK\\AppData\\Local\\Temp\\tess__2bcxfw_', '-l', 'fra+eng', '--psm', '6', 'txt']
2025-04-27 15:03:32,356 - DEBUG - Texte OCR trouvÚ image 2 page 5 (2 caractÞres)
2025-04-27 15:03:32,356 - DEBUG - Traitement de l'image 3 (xref: 50) sur la page 5
2025-04-27 15:03:32,357 - DEBUG - Image sauvegardÚe: C:\Users\MIZIK\AppData\Local\Temp\madsea_test_ocr_n_5y_sba\page5_panel3.jpeg (69183 bytes)
2025-04-27 15:03:32,373 - DEBUG - ['C:\\Program Files\\Tesseract-OCR\\tesseract.exe', 'C:\\Users\\MIZIK\\AppData\\Local\\Temp\\tess_5og24654_input.PNG', 'C:\\Users\\MIZIK\\AppData\\Local\\Temp\\tess_5og24654', '-l', 'fra+eng', '--psm', '6', 'txt']
2025-04-27 15:03:32,546 - DEBUG - Texte OCR trouvÚ image 3 page 5 (3 caractÞres)
2025-04-27 15:03:32,546 - DEBUG - Traitement de l'image 4 (xref: 51) sur la page 5
2025-04-27 15:03:32,547 - DEBUG - Image sauvegardÚe: C:\Users\MIZIK\AppData\Local\Temp\madsea_test_ocr_n_5y_sba\page5_panel4.jpeg (70868 bytes)
2025-04-27 15:03:32,561 - DEBUG - ['C:\\Program Files\\Tesseract-OCR\\tesseract.exe', 'C:\\Users\\MIZIK\\AppData\\Local\\Temp\\tess_pmz9cldr_input.PNG', 'C:\\Users\\MIZIK\\AppData\\Local\\Temp\\tess_pmz9cldr', '-l', 'fra+eng', '--psm', '6', 'txt']
2025-04-27 15:03:32,747 - DEBUG - Texte OCR trouvÚ image 4 page 5 (59 caractÞres)
2025-04-27 15:03:32,747 - DEBUG - Traitement de l'image 5 (xref: 52) sur la page 5
2025-04-27 15:03:32,748 - DEBUG - Image sauvegardÚe: C:\Users\MIZIK\AppData\Local\Temp\madsea_test_ocr_n_5y_sba\page5_panel5.jpeg (201070 bytes)
2025-04-27 15:03:32,769 - DEBUG - ['C:\\Program Files\\Tesseract-OCR\\tesseract.exe', 'C:\\Users\\MIZIK\\AppData\\Local\\Temp\\tess_91qgh66p_input.PNG', 'C:\\Users\\MIZIK\\AppData\\Local\\Temp\\tess_91qgh66p', '-l', 'fra+eng', '--psm', '6', 'txt']
2025-04-27 15:03:33,071 - DEBUG - Texte OCR trouvÚ image 5 page 5 (155 caractÞres)
2025-04-27 15:03:33,071 - DEBUG - Traitement de l'image 6 (xref: 53) sur la page 5
2025-04-27 15:03:33,073 - DEBUG - Image sauvegardÚe: C:\Users\MIZIK\AppData\Local\Temp\madsea_test_ocr_n_5y_sba\page5_panel6.jpeg (15913 bytes)
2025-04-27 15:03:33,087 - DEBUG - ['C:\\Program Files\\Tesseract-OCR\\tesseract.exe', 'C:\\Users\\MIZIK\\AppData\\Local\\Temp\\tess_egtdml0q_input.PNG', 'C:\\Users\\MIZIK\\AppData\\Local\\Temp\\tess_egtdml0q', '-l', 'fra+eng', '--psm', '6', 'txt']
2025-04-27 15:03:33,224 - DEBUG - Texte OCR trouvÚ image 6 page 5 (1 caractÞres)
2025-04-27 15:03:33,224 - DEBUG - Traitement de l'image 7 (xref: 17) sur la page 5
2025-04-27 15:03:33,224 - DEBUG - Image sauvegardÚe: C:\Users\MIZIK\AppData\Local\Temp\madsea_test_ocr_n_5y_sba\page5_panel7.png (194 bytes)
2025-04-27 15:03:33,227 - DEBUG - ['C:\\Program Files\\Tesseract-OCR\\tesseract.exe', 'C:\\Users\\MIZIK\\AppData\\Local\\Temp\\tess_dpd8kwqk_input.PNG', 'C:\\Users\\MIZIK\\AppData\\Local\\Temp\\tess_dpd8kwqk', '-l', 'fra+eng', '--psm', '6', 'txt']
2025-04-27 15:03:33,352 - DEBUG - Texte OCR trouvÚ image 7 page 5 (9 caractÞres)
2025-04-27 15:03:33,352 - DEBUG - Traitement de la page 6/13
2025-04-27 15:03:33,354 - DEBUG - Texte natif trouvÚ sur la page 6 (2710 caractÞres)
2025-04-27 15:03:33,355 - DEBUG - Nombre d'images trouvÚes sur la page 6: 7
2025-04-27 15:03:33,355 - DEBUG - Traitement de l'image 1 (xref: 57) sur la page 6
2025-04-27 15:03:33,355 - DEBUG - Image sauvegardÚe: C:\Users\MIZIK\AppData\Local\Temp\madsea_test_ocr_n_5y_sba\page6_panel1.jpeg (107321 bytes)
2025-04-27 15:03:33,375 - DEBUG - ['C:\\Program Files\\Tesseract-OCR\\tesseract.exe', 'C:\\Users\\MIZIK\\AppData\\Local\\Temp\\tess_kv9m1v4v_input.PNG', 'C:\\Users\\MIZIK\\AppData\\Local\\Temp\\tess_kv9m1v4v', '-l', 'fra+eng', '--psm', '6', 'txt']
2025-04-27 15:03:33,554 - DEBUG - Texte OCR trouvÚ image 1 page 6 (6 caractÞres)
2025-04-27 15:03:33,554 - DEBUG - Traitement de l'image 2 (xref: 58) sur la page 6
2025-04-27 15:03:33,555 - DEBUG - Image sauvegardÚe: C:\Users\MIZIK\AppData\Local\Temp\madsea_test_ocr_n_5y_sba\page6_panel2.jpeg (128948 bytes)
2025-04-27 15:03:33,575 - DEBUG - ['C:\\Program Files\\Tesseract-OCR\\tesseract.exe', 'C:\\Users\\MIZIK\\AppData\\Local\\Temp\\tess_1wewgd6r_input.PNG', 'C:\\Users\\MIZIK\\AppData\\Local\\Temp\\tess_1wewgd6r', '-l', 'fra+eng', '--psm', '6', 'txt']
2025-04-27 15:03:33,787 - DEBUG - Texte OCR trouvÚ image 2 page 6 (53 caractÞres)
2025-04-27 15:03:33,788 - DEBUG - Traitement de l'image 3 (xref: 59) sur la page 6
2025-04-27 15:03:33,788 - DEBUG - Image sauvegardÚe: C:\Users\MIZIK\AppData\Local\Temp\madsea_test_ocr_n_5y_sba\page6_panel3.jpeg (141026 bytes)
2025-04-27 15:03:33,804 - DEBUG - ['C:\\Program Files\\Tesseract-OCR\\tesseract.exe', 'C:\\Users\\MIZIK\\AppData\\Local\\Temp\\tess_9eso0agr_input.PNG', 'C:\\Users\\MIZIK\\AppData\\Local\\Temp\\tess_9eso0agr', '-l', 'fra+eng', '--psm', '6', 'txt']
2025-04-27 15:03:33,977 - DEBUG - Texte OCR trouvÚ image 3 page 6 (16 caractÞres)
2025-04-27 15:03:33,977 - DEBUG - Traitement de l'image 4 (xref: 60) sur la page 6
2025-04-27 15:03:33,978 - DEBUG - Image sauvegardÚe: C:\Users\MIZIK\AppData\Local\Temp\madsea_test_ocr_n_5y_sba\page6_panel4.jpeg (134510 bytes)
2025-04-27 15:03:33,997 - DEBUG - ['C:\\Program Files\\Tesseract-OCR\\tesseract.exe', 'C:\\Users\\MIZIK\\AppData\\Local\\Temp\\tess_a4q_5p3o_input.PNG', 'C:\\Users\\MIZIK\\AppData\\Local\\Temp\\tess_a4q_5p3o', '-l', 'fra+eng', '--psm', '6', 'txt']
2025-04-27 15:03:34,188 - DEBUG - Texte OCR trouvÚ image 4 page 6 (26 caractÞres)
2025-04-27 15:03:34,189 - DEBUG - Traitement de l'image 5 (xref: 61) sur la page 6
2025-04-27 15:03:34,190 - DEBUG - Image sauvegardÚe: C:\Users\MIZIK\AppData\Local\Temp\madsea_test_ocr_n_5y_sba\page6_panel5.jpeg (306700 bytes)
2025-04-27 15:03:34,222 - DEBUG - ['C:\\Program Files\\Tesseract-OCR\\tesseract.exe', 'C:\\Users\\MIZIK\\AppData\\Local\\Temp\\tess_hfwvzsvt_input.PNG', 'C:\\Users\\MIZIK\\AppData\\Local\\Temp\\tess_hfwvzsvt', '-l', 'fra+eng', '--psm', '6', 'txt']
2025-04-27 15:03:34,935 - DEBUG - Texte OCR trouvÚ image 5 page 6 (408 caractÞres)
2025-04-27 15:03:34,935 - DEBUG - Traitement de l'image 6 (xref: 62) sur la page 6
2025-04-27 15:03:34,936 - DEBUG - Image sauvegardÚe: C:\Users\MIZIK\AppData\Local\Temp\madsea_test_ocr_n_5y_sba\page6_panel6.jpeg (116779 bytes)
2025-04-27 15:03:34,956 - DEBUG - ['C:\\Program Files\\Tesseract-OCR\\tesseract.exe', 'C:\\Users\\MIZIK\\AppData\\Local\\Temp\\tess_0tg84dy5_input.PNG', 'C:\\Users\\MIZIK\\AppData\\Local\\Temp\\tess_0tg84dy5', '-l', 'fra+eng', '--psm', '6', 'txt']
2025-04-27 15:03:35,207 - DEBUG - Texte OCR trouvÚ image 6 page 6 (112 caractÞres)
2025-04-27 15:03:35,207 - DEBUG - Traitement de l'image 7 (xref: 17) sur la page 6
2025-04-27 15:03:35,207 - DEBUG - Image sauvegardÚe: C:\Users\MIZIK\AppData\Local\Temp\madsea_test_ocr_n_5y_sba\page6_panel7.png (194 bytes)
2025-04-27 15:03:35,209 - DEBUG - ['C:\\Program Files\\Tesseract-OCR\\tesseract.exe', 'C:\\Users\\MIZIK\\AppData\\Local\\Temp\\tess_7two3q31_input.PNG', 'C:\\Users\\MIZIK\\AppData\\Local\\Temp\\tess_7two3q31', '-l', 'fra+eng', '--psm', '6', 'txt']
2025-04-27 15:03:35,346 - DEBUG - Texte OCR trouvÚ image 7 page 6 (9 caractÞres)
2025-04-27 15:03:35,347 - DEBUG - Traitement de la page 7/13
2025-04-27 15:03:35,349 - DEBUG - Texte natif trouvÚ sur la page 7 (3767 caractÞres)
2025-04-27 15:03:35,349 - DEBUG - Nombre d'images trouvÚes sur la page 7: 7
2025-04-27 15:03:35,349 - DEBUG - Traitement de l'image 1 (xref: 66) sur la page 7
2025-04-27 15:03:35,351 - DEBUG - Image sauvegardÚe: C:\Users\MIZIK\AppData\Local\Temp\madsea_test_ocr_n_5y_sba\page7_panel1.jpeg (559316 bytes)
2025-04-27 15:03:35,394 - DEBUG - ['C:\\Program Files\\Tesseract-OCR\\tesseract.exe', 'C:\\Users\\MIZIK\\AppData\\Local\\Temp\\tess_1s_92ok8_input.PNG', 'C:\\Users\\MIZIK\\AppData\\Local\\Temp\\tess_1s_92ok8', '-l', 'fra+eng', '--psm', '6', 'txt']
2025-04-27 15:03:35,838 - DEBUG - Texte OCR trouvÚ image 1 page 7 (152 caractÞres)
2025-04-27 15:03:35,839 - DEBUG - Traitement de l'image 2 (xref: 67) sur la page 7
2025-04-27 15:03:35,839 - DEBUG - Image sauvegardÚe: C:\Users\MIZIK\AppData\Local\Temp\madsea_test_ocr_n_5y_sba\page7_panel2.jpeg (154039 bytes)
2025-04-27 15:03:35,863 - DEBUG - ['C:\\Program Files\\Tesseract-OCR\\tesseract.exe', 'C:\\Users\\MIZIK\\AppData\\Local\\Temp\\tess_rbhxpe6y_input.PNG', 'C:\\Users\\MIZIK\\AppData\\Local\\Temp\\tess_rbhxpe6y', '-l', 'fra+eng', '--psm', '6', 'txt']
2025-04-27 15:03:36,098 - DEBUG - Texte OCR trouvÚ image 2 page 7 (56 caractÞres)
2025-04-27 15:03:36,098 - DEBUG - Traitement de l'image 3 (xref: 68) sur la page 7
2025-04-27 15:03:36,099 - DEBUG - Image sauvegardÚe: C:\Users\MIZIK\AppData\Local\Temp\madsea_test_ocr_n_5y_sba\page7_panel3.jpeg (110494 bytes)
2025-04-27 15:03:36,118 - DEBUG - ['C:\\Program Files\\Tesseract-OCR\\tesseract.exe', 'C:\\Users\\MIZIK\\AppData\\Local\\Temp\\tess_hv3ede1s_input.PNG', 'C:\\Users\\MIZIK\\AppData\\Local\\Temp\\tess_hv3ede1s', '-l', 'fra+eng', '--psm', '6', 'txt']
2025-04-27 15:03:36,275 - DEBUG - Aucun texte OCR trouvÚ image 3 page 7
2025-04-27 15:03:36,275 - DEBUG - Traitement de l'image 4 (xref: 69) sur la page 7
2025-04-27 15:03:36,276 - DEBUG - Image sauvegardÚe: C:\Users\MIZIK\AppData\Local\Temp\madsea_test_ocr_n_5y_sba\page7_panel4.jpeg (144340 bytes)
2025-04-27 15:03:36,296 - DEBUG - ['C:\\Program Files\\Tesseract-OCR\\tesseract.exe', 'C:\\Users\\MIZIK\\AppData\\Local\\Temp\\tess_64da8b23_input.PNG', 'C:\\Users\\MIZIK\\AppData\\Local\\Temp\\tess_64da8b23', '-l', 'fra+eng', '--psm', '6', 'txt']
2025-04-27 15:03:36,470 - DEBUG - Texte OCR trouvÚ image 4 page 7 (6 caractÞres)
2025-04-27 15:03:36,470 - DEBUG - Traitement de l'image 5 (xref: 70) sur la page 7
2025-04-27 15:03:36,471 - DEBUG - Image sauvegardÚe: C:\Users\MIZIK\AppData\Local\Temp\madsea_test_ocr_n_5y_sba\page7_panel5.jpeg (161250 bytes)
2025-04-27 15:03:36,492 - DEBUG - ['C:\\Program Files\\Tesseract-OCR\\tesseract.exe', 'C:\\Users\\MIZIK\\AppData\\Local\\Temp\\tess__lrjnp3l_input.PNG', 'C:\\Users\\MIZIK\\AppData\\Local\\Temp\\tess__lrjnp3l', '-l', 'fra+eng', '--psm', '6', 'txt']
2025-04-27 15:03:36,677 - DEBUG - Aucun texte OCR trouvÚ image 5 page 7
2025-04-27 15:03:36,677 - DEBUG - Traitement de l'image 6 (xref: 71) sur la page 7
2025-04-27 15:03:36,678 - DEBUG - Image sauvegardÚe: C:\Users\MIZIK\AppData\Local\Temp\madsea_test_ocr_n_5y_sba\page7_panel6.jpeg (227427 bytes)
2025-04-27 15:03:36,697 - DEBUG - ['C:\\Program Files\\Tesseract-OCR\\tesseract.exe', 'C:\\Users\\MIZIK\\AppData\\Local\\Temp\\tess_jow383gs_input.PNG', 'C:\\Users\\MIZIK\\AppData\\Local\\Temp\\tess_jow383gs', '-l', 'fra+eng', '--psm', '6', 'txt']
2025-04-27 15:03:36,876 - DEBUG - Aucun texte OCR trouvÚ image 6 page 7
2025-04-27 15:03:36,876 - DEBUG - Traitement de l'image 7 (xref: 17) sur la page 7
2025-04-27 15:03:36,877 - DEBUG - Image sauvegardÚe: C:\Users\MIZIK\AppData\Local\Temp\madsea_test_ocr_n_5y_sba\page7_panel7.png (194 bytes)
2025-04-27 15:03:36,879 - DEBUG - ['C:\\Program Files\\Tesseract-OCR\\tesseract.exe', 'C:\\Users\\MIZIK\\AppData\\Local\\Temp\\tess_azvc0_ky_input.PNG', 'C:\\Users\\MIZIK\\AppData\\Local\\Temp\\tess_azvc0_ky', '-l', 'fra+eng', '--psm', '6', 'txt']
2025-04-27 15:03:37,003 - DEBUG - Texte OCR trouvÚ image 7 page 7 (9 caractÞres)
2025-04-27 15:03:37,003 - DEBUG - Traitement de la page 8/13
2025-04-27 15:03:37,005 - DEBUG - Texte natif trouvÚ sur la page 8 (4262 caractÞres)
2025-04-27 15:03:37,005 - DEBUG - Nombre d'images trouvÚes sur la page 8: 7
2025-04-27 15:03:37,005 - DEBUG - Traitement de l'image 1 (xref: 75) sur la page 8
2025-04-27 15:03:37,005 - DEBUG - Image sauvegardÚe: C:\Users\MIZIK\AppData\Local\Temp\madsea_test_ocr_n_5y_sba\page8_panel1.jpeg (236988 bytes)
2025-04-27 15:03:37,031 - DEBUG - ['C:\\Program Files\\Tesseract-OCR\\tesseract.exe', 'C:\\Users\\MIZIK\\AppData\\Local\\Temp\\tess_4fy4cv6r_input.PNG', 'C:\\Users\\MIZIK\\AppData\\Local\\Temp\\tess_4fy4cv6r', '-l', 'fra+eng', '--psm', '6', 'txt']
2025-04-27 15:03:37,360 - DEBUG - Texte OCR trouvÚ image 1 page 8 (130 caractÞres)
2025-04-27 15:03:37,361 - DEBUG - Traitement de l'image 2 (xref: 76) sur la page 8
2025-04-27 15:03:37,363 - DEBUG - Image sauvegardÚe: C:\Users\MIZIK\AppData\Local\Temp\madsea_test_ocr_n_5y_sba\page8_panel2.jpeg (428997 bytes)
2025-04-27 15:03:37,389 - DEBUG - ['C:\\Program Files\\Tesseract-OCR\\tesseract.exe', 'C:\\Users\\MIZIK\\AppData\\Local\\Temp\\tess_oge5rcxw_input.PNG', 'C:\\Users\\MIZIK\\AppData\\Local\\Temp\\tess_oge5rcxw', '-l', 'fra+eng', '--psm', '6', 'txt']
2025-04-27 15:03:37,680 - DEBUG - Texte OCR trouvÚ image 2 page 8 (90 caractÞres)
2025-04-27 15:03:37,680 - DEBUG - Traitement de l'image 3 (xref: 77) sur la page 8
2025-04-27 15:03:37,681 - DEBUG - Image sauvegardÚe: C:\Users\MIZIK\AppData\Local\Temp\madsea_test_ocr_n_5y_sba\page8_panel3.jpeg (192282 bytes)
2025-04-27 15:03:37,701 - DEBUG - ['C:\\Program Files\\Tesseract-OCR\\tesseract.exe', 'C:\\Users\\MIZIK\\AppData\\Local\\Temp\\tess__0ie_t3d_input.PNG', 'C:\\Users\\MIZIK\\AppData\\Local\\Temp\\tess__0ie_t3d', '-l', 'fra+eng', '--psm', '6', 'txt']
2025-04-27 15:03:37,882 - DEBUG - Aucun texte OCR trouvÚ image 3 page 8
2025-04-27 15:03:37,882 - DEBUG - Traitement de l'image 4 (xref: 78) sur la page 8
2025-04-27 15:03:37,883 - DEBUG - Image sauvegardÚe: C:\Users\MIZIK\AppData\Local\Temp\madsea_test_ocr_n_5y_sba\page8_panel4.jpeg (281645 bytes)
2025-04-27 15:03:37,909 - DEBUG - ['C:\\Program Files\\Tesseract-OCR\\tesseract.exe', 'C:\\Users\\MIZIK\\AppData\\Local\\Temp\\tess_z0t9q4jv_input.PNG', 'C:\\Users\\MIZIK\\AppData\\Local\\Temp\\tess_z0t9q4jv', '-l', 'fra+eng', '--psm', '6', 'txt']
2025-04-27 15:03:38,325 - DEBUG - Texte OCR trouvÚ image 4 page 8 (219 caractÞres)
2025-04-27 15:03:38,325 - DEBUG - Traitement de l'image 5 (xref: 79) sur la page 8
2025-04-27 15:03:38,326 - DEBUG - Image sauvegardÚe: C:\Users\MIZIK\AppData\Local\Temp\madsea_test_ocr_n_5y_sba\page8_panel5.jpeg (217046 bytes)
2025-04-27 15:03:38,350 - DEBUG - ['C:\\Program Files\\Tesseract-OCR\\tesseract.exe', 'C:\\Users\\MIZIK\\AppData\\Local\\Temp\\tess_q_qkxpsk_input.PNG', 'C:\\Users\\MIZIK\\AppData\\Local\\Temp\\tess_q_qkxpsk', '-l', 'fra+eng', '--psm', '6', 'txt']
2025-04-27 15:03:38,581 - DEBUG - Texte OCR trouvÚ image 5 page 8 (43 caractÞres)
2025-04-27 15:03:38,581 - DEBUG - Traitement de l'image 6 (xref: 80) sur la page 8
2025-04-27 15:03:38,583 - DEBUG - Image sauvegardÚe: C:\Users\MIZIK\AppData\Local\Temp\madsea_test_ocr_n_5y_sba\page8_panel6.jpeg (385780 bytes)
2025-04-27 15:03:38,609 - DEBUG - ['C:\\Program Files\\Tesseract-OCR\\tesseract.exe', 'C:\\Users\\MIZIK\\AppData\\Local\\Temp\\tess_6up0czx5_input.PNG', 'C:\\Users\\MIZIK\\AppData\\Local\\Temp\\tess_6up0czx5', '-l', 'fra+eng', '--psm', '6', 'txt']
2025-04-27 15:03:39,012 - DEBUG - Texte OCR trouvÚ image 6 page 8 (160 caractÞres)
2025-04-27 15:03:39,012 - DEBUG - Traitement de l'image 7 (xref: 17) sur la page 8
2025-04-27 15:03:39,013 - DEBUG - Image sauvegardÚe: C:\Users\MIZIK\AppData\Local\Temp\madsea_test_ocr_n_5y_sba\page8_panel7.png (194 bytes)
2025-04-27 15:03:39,016 - DEBUG - ['C:\\Program Files\\Tesseract-OCR\\tesseract.exe', 'C:\\Users\\MIZIK\\AppData\\Local\\Temp\\tess_3tdn1p4__input.PNG', 'C:\\Users\\MIZIK\\AppData\\Local\\Temp\\tess_3tdn1p4_', '-l', 'fra+eng', '--psm', '6', 'txt']
2025-04-27 15:03:39,145 - DEBUG - Texte OCR trouvÚ image 7 page 8 (9 caractÞres)
2025-04-27 15:03:39,145 - DEBUG - Traitement de la page 9/13
2025-04-27 15:03:39,148 - DEBUG - Texte natif trouvÚ sur la page 9 (4032 caractÞres)
2025-04-27 15:03:39,148 - DEBUG - Nombre d'images trouvÚes sur la page 9: 7
2025-04-27 15:03:39,148 - DEBUG - Traitement de l'image 1 (xref: 84) sur la page 9
2025-04-27 15:03:39,149 - DEBUG - Image sauvegardÚe: C:\Users\MIZIK\AppData\Local\Temp\madsea_test_ocr_n_5y_sba\page9_panel1.jpeg (267968 bytes)
2025-04-27 15:03:39,174 - DEBUG - ['C:\\Program Files\\Tesseract-OCR\\tesseract.exe', 'C:\\Users\\MIZIK\\AppData\\Local\\Temp\\tess_egnrsq6g_input.PNG', 'C:\\Users\\MIZIK\\AppData\\Local\\Temp\\tess_egnrsq6g', '-l', 'fra+eng', '--psm', '6', 'txt']
2025-04-27 15:03:39,523 - DEBUG - Texte OCR trouvÚ image 1 page 9 (120 caractÞres)
2025-04-27 15:03:39,523 - DEBUG - Traitement de l'image 2 (xref: 85) sur la page 9
2025-04-27 15:03:39,524 - DEBUG - Image sauvegardÚe: C:\Users\MIZIK\AppData\Local\Temp\madsea_test_ocr_n_5y_sba\page9_panel2.jpeg (105766 bytes)
2025-04-27 15:03:39,543 - DEBUG - ['C:\\Program Files\\Tesseract-OCR\\tesseract.exe', 'C:\\Users\\MIZIK\\AppData\\Local\\Temp\\tess_fkx4pra__input.PNG', 'C:\\Users\\MIZIK\\AppData\\Local\\Temp\\tess_fkx4pra_', '-l', 'fra+eng', '--psm', '6', 'txt']
2025-04-27 15:03:39,719 - DEBUG - Texte OCR trouvÚ image 2 page 9 (14 caractÞres)
2025-04-27 15:03:39,719 - DEBUG - Traitement de l'image 3 (xref: 86) sur la page 9
2025-04-27 15:03:39,720 - DEBUG - Image sauvegardÚe: C:\Users\MIZIK\AppData\Local\Temp\madsea_test_ocr_n_5y_sba\page9_panel3.jpeg (387177 bytes)
2025-04-27 15:03:39,743 - DEBUG - ['C:\\Program Files\\Tesseract-OCR\\tesseract.exe', 'C:\\Users\\MIZIK\\AppData\\Local\\Temp\\tess_9iboe979_input.PNG', 'C:\\Users\\MIZIK\\AppData\\Local\\Temp\\tess_9iboe979', '-l', 'fra+eng', '--psm', '6', 'txt']
2025-04-27 15:03:39,950 - DEBUG - Texte OCR trouvÚ image 3 page 9 (34 caractÞres)
2025-04-27 15:03:39,950 - DEBUG - Traitement de l'image 4 (xref: 87) sur la page 9
2025-04-27 15:03:39,951 - DEBUG - Image sauvegardÚe: C:\Users\MIZIK\AppData\Local\Temp\madsea_test_ocr_n_5y_sba\page9_panel4.jpeg (78587 bytes)
2025-04-27 15:03:39,973 - DEBUG - ['C:\\Program Files\\Tesseract-OCR\\tesseract.exe', 'C:\\Users\\MIZIK\\AppData\\Local\\Temp\\tess_pzg03561_input.PNG', 'C:\\Users\\MIZIK\\AppData\\Local\\Temp\\tess_pzg03561', '-l', 'fra+eng', '--psm', '6', 'txt']
2025-04-27 15:03:40,146 - DEBUG - Texte OCR trouvÚ image 4 page 9 (24 caractÞres)
2025-04-27 15:03:40,146 - DEBUG - Traitement de l'image 5 (xref: 88) sur la page 9
2025-04-27 15:03:40,147 - DEBUG - Image sauvegardÚe: C:\Users\MIZIK\AppData\Local\Temp\madsea_test_ocr_n_5y_sba\page9_panel5.jpeg (121497 bytes)
2025-04-27 15:03:40,166 - DEBUG - ['C:\\Program Files\\Tesseract-OCR\\tesseract.exe', 'C:\\Users\\MIZIK\\AppData\\Local\\Temp\\tess_p13ec5cz_input.PNG', 'C:\\Users\\MIZIK\\AppData\\Local\\Temp\\tess_p13ec5cz', '-l', 'fra+eng', '--psm', '6', 'txt']
2025-04-27 15:03:40,366 - DEBUG - Texte OCR trouvÚ image 5 page 9 (33 caractÞres)
2025-04-27 15:03:40,366 - DEBUG - Traitement de l'image 6 (xref: 89) sur la page 9
2025-04-27 15:03:40,367 - DEBUG - Image sauvegardÚe: C:\Users\MIZIK\AppData\Local\Temp\madsea_test_ocr_n_5y_sba\page9_panel6.jpeg (127344 bytes)
2025-04-27 15:03:40,392 - DEBUG - ['C:\\Program Files\\Tesseract-OCR\\tesseract.exe', 'C:\\Users\\MIZIK\\AppData\\Local\\Temp\\tess_5q334fhh_input.PNG', 'C:\\Users\\MIZIK\\AppData\\Local\\Temp\\tess_5q334fhh', '-l', 'fra+eng', '--psm', '6', 'txt']
2025-04-27 15:03:40,574 - DEBUG - Texte OCR trouvÚ image 6 page 9 (6 caractÞres)
2025-04-27 15:03:40,574 - DEBUG - Traitement de l'image 7 (xref: 17) sur la page 9
2025-04-27 15:03:40,575 - DEBUG - Image sauvegardÚe: C:\Users\MIZIK\AppData\Local\Temp\madsea_test_ocr_n_5y_sba\page9_panel7.png (194 bytes)
2025-04-27 15:03:40,577 - DEBUG - ['C:\\Program Files\\Tesseract-OCR\\tesseract.exe', 'C:\\Users\\MIZIK\\AppData\\Local\\Temp\\tess_idif7zrz_input.PNG', 'C:\\Users\\MIZIK\\AppData\\Local\\Temp\\tess_idif7zrz', '-l', 'fra+eng', '--psm', '6', 'txt']
2025-04-27 15:03:40,704 - DEBUG - Texte OCR trouvÚ image 7 page 9 (9 caractÞres)
2025-04-27 15:03:40,704 - DEBUG - Traitement de la page 10/13
2025-04-27 15:03:40,707 - DEBUG - Texte natif trouvÚ sur la page 10 (3960 caractÞres)
2025-04-27 15:03:40,707 - DEBUG - Nombre d'images trouvÚes sur la page 10: 7
2025-04-27 15:03:40,707 - DEBUG - Traitement de l'image 1 (xref: 93) sur la page 10
2025-04-27 15:03:40,708 - DEBUG - Image sauvegardÚe: C:\Users\MIZIK\AppData\Local\Temp\madsea_test_ocr_n_5y_sba\page10_panel1.jpeg (230296 bytes)
2025-04-27 15:03:40,729 - DEBUG - ['C:\\Program Files\\Tesseract-OCR\\tesseract.exe', 'C:\\Users\\MIZIK\\AppData\\Local\\Temp\\tess_efs8gjlb_input.PNG', 'C:\\Users\\MIZIK\\AppData\\Local\\Temp\\tess_efs8gjlb', '-l', 'fra+eng', '--psm', '6', 'txt']
2025-04-27 15:03:40,942 - DEBUG - Texte OCR trouvÚ image 1 page 10 (28 caractÞres)
2025-04-27 15:03:40,942 - DEBUG - Traitement de l'image 2 (xref: 94) sur la page 10
2025-04-27 15:03:40,944 - DEBUG - Image sauvegardÚe: C:\Users\MIZIK\AppData\Local\Temp\madsea_test_ocr_n_5y_sba\page10_panel2.jpeg (400762 bytes)
2025-04-27 15:03:40,971 - DEBUG - ['C:\\Program Files\\Tesseract-OCR\\tesseract.exe', 'C:\\Users\\MIZIK\\AppData\\Local\\Temp\\tess_avpiewk3_input.PNG', 'C:\\Users\\MIZIK\\AppData\\Local\\Temp\\tess_avpiewk3', '-l', 'fra+eng', '--psm', '6', 'txt']
2025-04-27 15:03:41,224 - DEBUG - Texte OCR trouvÚ image 2 page 10 (66 caractÞres)
2025-04-27 15:03:41,224 - DEBUG - Traitement de l'image 3 (xref: 95) sur la page 10
2025-04-27 15:03:41,225 - DEBUG - Image sauvegardÚe: C:\Users\MIZIK\AppData\Local\Temp\madsea_test_ocr_n_5y_sba\page10_panel3.jpeg (186564 bytes)
2025-04-27 15:03:41,249 - DEBUG - ['C:\\Program Files\\Tesseract-OCR\\tesseract.exe', 'C:\\Users\\MIZIK\\AppData\\Local\\Temp\\tess_5m1ddoc9_input.PNG', 'C:\\Users\\MIZIK\\AppData\\Local\\Temp\\tess_5m1ddoc9', '-l', 'fra+eng', '--psm', '6', 'txt']
2025-04-27 15:03:41,554 - DEBUG - Texte OCR trouvÚ image 3 page 10 (98 caractÞres)
2025-04-27 15:03:41,554 - DEBUG - Traitement de l'image 4 (xref: 96) sur la page 10
2025-04-27 15:03:41,555 - DEBUG - Image sauvegardÚe: C:\Users\MIZIK\AppData\Local\Temp\madsea_test_ocr_n_5y_sba\page10_panel4.jpeg (289615 bytes)
2025-04-27 15:03:41,579 - DEBUG - ['C:\\Program Files\\Tesseract-OCR\\tesseract.exe', 'C:\\Users\\MIZIK\\AppData\\Local\\Temp\\tess_op55my3x_input.PNG', 'C:\\Users\\MIZIK\\AppData\\Local\\Temp\\tess_op55my3x', '-l', 'fra+eng', '--psm', '6', 'txt']
2025-04-27 15:03:41,940 - DEBUG - Texte OCR trouvÚ image 4 page 10 (159 caractÞres)
2025-04-27 15:03:41,940 - DEBUG - Traitement de l'image 5 (xref: 97) sur la page 10
2025-04-27 15:03:41,941 - DEBUG - Image sauvegardÚe: C:\Users\MIZIK\AppData\Local\Temp\madsea_test_ocr_n_5y_sba\page10_panel5.jpeg (229553 bytes)
2025-04-27 15:03:41,964 - DEBUG - ['C:\\Program Files\\Tesseract-OCR\\tesseract.exe', 'C:\\Users\\MIZIK\\AppData\\Local\\Temp\\tess_3vvdbbef_input.PNG', 'C:\\Users\\MIZIK\\AppData\\Local\\Temp\\tess_3vvdbbef', '-l', 'fra+eng', '--psm', '6', 'txt']
2025-04-27 15:03:42,287 - DEBUG - Texte OCR trouvÚ image 5 page 10 (107 caractÞres)
2025-04-27 15:03:42,288 - DEBUG - Traitement de l'image 6 (xref: 98) sur la page 10
2025-04-27 15:03:42,288 - DEBUG - Image sauvegardÚe: C:\Users\MIZIK\AppData\Local\Temp\madsea_test_ocr_n_5y_sba\page10_panel6.jpeg (83337 bytes)
2025-04-27 15:03:42,302 - DEBUG - ['C:\\Program Files\\Tesseract-OCR\\tesseract.exe', 'C:\\Users\\MIZIK\\AppData\\Local\\Temp\\tess_s9e0oslc_input.PNG', 'C:\\Users\\MIZIK\\AppData\\Local\\Temp\\tess_s9e0oslc', '-l', 'fra+eng', '--psm', '6', 'txt']
2025-04-27 15:03:42,452 - DEBUG - Aucun texte OCR trouvÚ image 6 page 10
2025-04-27 15:03:42,452 - DEBUG - Traitement de l'image 7 (xref: 17) sur la page 10
2025-04-27 15:03:42,453 - DEBUG - Image sauvegardÚe: C:\Users\MIZIK\AppData\Local\Temp\madsea_test_ocr_n_5y_sba\page10_panel7.png (194 bytes)
2025-04-27 15:03:42,454 - DEBUG - ['C:\\Program Files\\Tesseract-OCR\\tesseract.exe', 'C:\\Users\\MIZIK\\AppData\\Local\\Temp\\tess_zdgavaru_input.PNG', 'C:\\Users\\MIZIK\\AppData\\Local\\Temp\\tess_zdgavaru', '-l', 'fra+eng', '--psm', '6', 'txt']
2025-04-27 15:03:42,581 - DEBUG - Texte OCR trouvÚ image 7 page 10 (9 caractÞres)
2025-04-27 15:03:42,581 - DEBUG - Traitement de la page 11/13
2025-04-27 15:03:42,583 - DEBUG - Texte natif trouvÚ sur la page 11 (2983 caractÞres)
2025-04-27 15:03:42,583 - DEBUG - Nombre d'images trouvÚes sur la page 11: 7
2025-04-27 15:03:42,583 - DEBUG - Traitement de l'image 1 (xref: 102) sur la page 11
2025-04-27 15:03:42,585 - DEBUG - Image sauvegardÚe: C:\Users\MIZIK\AppData\Local\Temp\madsea_test_ocr_n_5y_sba\page11_panel1.jpeg (181280 bytes)
2025-04-27 15:03:42,608 - DEBUG - ['C:\\Program Files\\Tesseract-OCR\\tesseract.exe', 'C:\\Users\\MIZIK\\AppData\\Local\\Temp\\tess_muoi8u3j_input.PNG', 'C:\\Users\\MIZIK\\AppData\\Local\\Temp\\tess_muoi8u3j', '-l', 'fra+eng', '--psm', '6', 'txt']
2025-04-27 15:03:43,337 - DEBUG - Texte OCR trouvÚ image 1 page 11 (452 caractÞres)
2025-04-27 15:03:43,337 - DEBUG - Traitement de l'image 2 (xref: 103) sur la page 11
2025-04-27 15:03:43,338 - DEBUG - Image sauvegardÚe: C:\Users\MIZIK\AppData\Local\Temp\madsea_test_ocr_n_5y_sba\page11_panel2.jpeg (272328 bytes)
2025-04-27 15:03:43,364 - DEBUG - ['C:\\Program Files\\Tesseract-OCR\\tesseract.exe', 'C:\\Users\\MIZIK\\AppData\\Local\\Temp\\tess_3gdvf103_input.PNG', 'C:\\Users\\MIZIK\\AppData\\Local\\Temp\\tess_3gdvf103', '-l', 'fra+eng', '--psm', '6', 'txt']
2025-04-27 15:03:43,758 - DEBUG - Texte OCR trouvÚ image 2 page 11 (203 caractÞres)
2025-04-27 15:03:43,758 - DEBUG - Traitement de l'image 3 (xref: 104) sur la page 11
2025-04-27 15:03:43,759 - DEBUG - Image sauvegardÚe: C:\Users\MIZIK\AppData\Local\Temp\madsea_test_ocr_n_5y_sba\page11_panel3.jpeg (204763 bytes)
2025-04-27 15:03:43,780 - DEBUG - ['C:\\Program Files\\Tesseract-OCR\\tesseract.exe', 'C:\\Users\\MIZIK\\AppData\\Local\\Temp\\tess_dmjnx93x_input.PNG', 'C:\\Users\\MIZIK\\AppData\\Local\\Temp\\tess_dmjnx93x', '-l', 'fra+eng', '--psm', '6', 'txt']
2025-04-27 15:03:44,083 - DEBUG - Texte OCR trouvÚ image 3 page 11 (136 caractÞres)
2025-04-27 15:03:44,083 - DEBUG - Traitement de l'image 4 (xref: 105) sur la page 11
2025-04-27 15:03:44,083 - DEBUG - Image sauvegardÚe: C:\Users\MIZIK\AppData\Local\Temp\madsea_test_ocr_n_5y_sba\page11_panel4.jpeg (109372 bytes)
2025-04-27 15:03:44,102 - DEBUG - ['C:\\Program Files\\Tesseract-OCR\\tesseract.exe', 'C:\\Users\\MIZIK\\AppData\\Local\\Temp\\tess_sx41sc77_input.PNG', 'C:\\Users\\MIZIK\\AppData\\Local\\Temp\\tess_sx41sc77', '-l', 'fra+eng', '--psm', '6', 'txt']
2025-04-27 15:03:44,312 - DEBUG - Texte OCR trouvÚ image 4 page 11 (7 caractÞres)
2025-04-27 15:03:44,312 - DEBUG - Traitement de l'image 5 (xref: 106) sur la page 11
2025-04-27 15:03:44,313 - DEBUG - Image sauvegardÚe: C:\Users\MIZIK\AppData\Local\Temp\madsea_test_ocr_n_5y_sba\page11_panel5.jpeg (125467 bytes)
2025-04-27 15:03:44,332 - DEBUG - ['C:\\Program Files\\Tesseract-OCR\\tesseract.exe', 'C:\\Users\\MIZIK\\AppData\\Local\\Temp\\tess_rppnv3ah_input.PNG', 'C:\\Users\\MIZIK\\AppData\\Local\\Temp\\tess_rppnv3ah', '-l', 'fra+eng', '--psm', '6', 'txt']
2025-04-27 15:03:44,523 - DEBUG - Texte OCR trouvÚ image 5 page 11 (53 caractÞres)
2025-04-27 15:03:44,523 - DEBUG - Traitement de l'image 6 (xref: 107) sur la page 11
2025-04-27 15:03:44,524 - DEBUG - Image sauvegardÚe: C:\Users\MIZIK\AppData\Local\Temp\madsea_test_ocr_n_5y_sba\page11_panel6.jpeg (244675 bytes)
2025-04-27 15:03:44,547 - DEBUG - ['C:\\Program Files\\Tesseract-OCR\\tesseract.exe', 'C:\\Users\\MIZIK\\AppData\\Local\\Temp\\tess_t6izs53n_input.PNG', 'C:\\Users\\MIZIK\\AppData\\Local\\Temp\\tess_t6izs53n', '-l', 'fra+eng', '--psm', '6', 'txt']
2025-04-27 15:03:44,950 - DEBUG - Texte OCR trouvÚ image 6 page 11 (178 caractÞres)
2025-04-27 15:03:44,950 - DEBUG - Traitement de l'image 7 (xref: 17) sur la page 11
2025-04-27 15:03:44,951 - DEBUG - Image sauvegardÚe: C:\Users\MIZIK\AppData\Local\Temp\madsea_test_ocr_n_5y_sba\page11_panel7.png (194 bytes)
2025-04-27 15:03:44,954 - DEBUG - ['C:\\Program Files\\Tesseract-OCR\\tesseract.exe', 'C:\\Users\\MIZIK\\AppData\\Local\\Temp\\tess_s8fn5833_input.PNG', 'C:\\Users\\MIZIK\\AppData\\Local\\Temp\\tess_s8fn5833', '-l', 'fra+eng', '--psm', '6', 'txt']
2025-04-27 15:03:45,114 - DEBUG - Texte OCR trouvÚ image 7 page 11 (9 caractÞres)
2025-04-27 15:03:45,114 - DEBUG - Traitement de la page 12/13
2025-04-27 15:03:45,117 - DEBUG - Texte natif trouvÚ sur la page 12 (3478 caractÞres)
2025-04-27 15:03:45,117 - DEBUG - Nombre d'images trouvÚes sur la page 12: 7
2025-04-27 15:03:45,117 - DEBUG - Traitement de l'image 1 (xref: 111) sur la page 12
2025-04-27 15:03:45,118 - DEBUG - Image sauvegardÚe: C:\Users\MIZIK\AppData\Local\Temp\madsea_test_ocr_n_5y_sba\page12_panel1.jpeg (119049 bytes)
2025-04-27 15:03:45,145 - DEBUG - ['C:\\Program Files\\Tesseract-OCR\\tesseract.exe', 'C:\\Users\\MIZIK\\AppData\\Local\\Temp\\tess_almiu92n_input.PNG', 'C:\\Users\\MIZIK\\AppData\\Local\\Temp\\tess_almiu92n', '-l', 'fra+eng', '--psm', '6', 'txt']
2025-04-27 15:03:45,359 - DEBUG - Texte OCR trouvÚ image 1 page 12 (15 caractÞres)
2025-04-27 15:03:45,359 - DEBUG - Traitement de l'image 2 (xref: 112) sur la page 12
2025-04-27 15:03:45,360 - DEBUG - Image sauvegardÚe: C:\Users\MIZIK\AppData\Local\Temp\madsea_test_ocr_n_5y_sba\page12_panel2.jpeg (101755 bytes)
2025-04-27 15:03:45,378 - DEBUG - ['C:\\Program Files\\Tesseract-OCR\\tesseract.exe', 'C:\\Users\\MIZIK\\AppData\\Local\\Temp\\tess_2jg0uzw0_input.PNG', 'C:\\Users\\MIZIK\\AppData\\Local\\Temp\\tess_2jg0uzw0', '-l', 'fra+eng', '--psm', '6', 'txt']
2025-04-27 15:03:45,554 - DEBUG - Texte OCR trouvÚ image 2 page 12 (19 caractÞres)
2025-04-27 15:03:45,554 - DEBUG - Traitement de l'image 3 (xref: 113) sur la page 12
2025-04-27 15:03:45,555 - DEBUG - Image sauvegardÚe: C:\Users\MIZIK\AppData\Local\Temp\madsea_test_ocr_n_5y_sba\page12_panel3.jpeg (187180 bytes)
2025-04-27 15:03:45,575 - DEBUG - ['C:\\Program Files\\Tesseract-OCR\\tesseract.exe', 'C:\\Users\\MIZIK\\AppData\\Local\\Temp\\tess_55rllvrs_input.PNG', 'C:\\Users\\MIZIK\\AppData\\Local\\Temp\\tess_55rllvrs', '-l', 'fra+eng', '--psm', '6', 'txt']
2025-04-27 15:03:45,761 - DEBUG - Texte OCR trouvÚ image 3 page 12 (3 caractÞres)
2025-04-27 15:03:45,761 - DEBUG - Traitement de l'image 4 (xref: 114) sur la page 12
2025-04-27 15:03:45,763 - DEBUG - Image sauvegardÚe: C:\Users\MIZIK\AppData\Local\Temp\madsea_test_ocr_n_5y_sba\page12_panel4.jpeg (210463 bytes)
2025-04-27 15:03:45,786 - DEBUG - ['C:\\Program Files\\Tesseract-OCR\\tesseract.exe', 'C:\\Users\\MIZIK\\AppData\\Local\\Temp\\tess_me8nwvgn_input.PNG', 'C:\\Users\\MIZIK\\AppData\\Local\\Temp\\tess_me8nwvgn', '-l', 'fra+eng', '--psm', '6', 'txt']
2025-04-27 15:03:45,957 - DEBUG - Texte OCR trouvÚ image 4 page 12 (4 caractÞres)
2025-04-27 15:03:45,957 - DEBUG - Traitement de l'image 5 (xref: 115) sur la page 12
2025-04-27 15:03:45,958 - DEBUG - Image sauvegardÚe: C:\Users\MIZIK\AppData\Local\Temp\madsea_test_ocr_n_5y_sba\page12_panel5.jpeg (114653 bytes)
2025-04-27 15:03:45,977 - DEBUG - ['C:\\Program Files\\Tesseract-OCR\\tesseract.exe', 'C:\\Users\\MIZIK\\AppData\\Local\\Temp\\tess_gsgxy4p2_input.PNG', 'C:\\Users\\MIZIK\\AppData\\Local\\Temp\\tess_gsgxy4p2', '-l', 'fra+eng', '--psm', '6', 'txt']
2025-04-27 15:03:46,177 - DEBUG - Texte OCR trouvÚ image 5 page 12 (39 caractÞres)
2025-04-27 15:03:46,177 - DEBUG - Traitement de l'image 6 (xref: 116) sur la page 12
2025-04-27 15:03:46,177 - DEBUG - Image sauvegardÚe: C:\Users\MIZIK\AppData\Local\Temp\madsea_test_ocr_n_5y_sba\page12_panel6.jpeg (88498 bytes)
2025-04-27 15:03:46,193 - DEBUG - ['C:\\Program Files\\Tesseract-OCR\\tesseract.exe', 'C:\\Users\\MIZIK\\AppData\\Local\\Temp\\tess_g2j3yr5e_input.PNG', 'C:\\Users\\MIZIK\\AppData\\Local\\Temp\\tess_g2j3yr5e', '-l', 'fra+eng', '--psm', '6', 'txt']
2025-04-27 15:03:46,474 - DEBUG - Texte OCR trouvÚ image 6 page 12 (131 caractÞres)
2025-04-27 15:03:46,474 - DEBUG - Traitement de l'image 7 (xref: 17) sur la page 12
2025-04-27 15:03:46,475 - DEBUG - Image sauvegardÚe: C:\Users\MIZIK\AppData\Local\Temp\madsea_test_ocr_n_5y_sba\page12_panel7.png (194 bytes)
2025-04-27 15:03:46,476 - DEBUG - ['C:\\Program Files\\Tesseract-OCR\\tesseract.exe', 'C:\\Users\\MIZIK\\AppData\\Local\\Temp\\tess_97dkfo03_input.PNG', 'C:\\Users\\MIZIK\\AppData\\Local\\Temp\\tess_97dkfo03', '-l', 'fra+eng', '--psm', '6', 'txt']
2025-04-27 15:03:46,602 - DEBUG - Texte OCR trouvÚ image 7 page 12 (9 caractÞres)
2025-04-27 15:03:46,602 - DEBUG - Traitement de la page 13/13
2025-04-27 15:03:46,605 - DEBUG - Texte natif trouvÚ sur la page 13 (3327 caractÞres)
2025-04-27 15:03:46,605 - DEBUG - Nombre d'images trouvÚes sur la page 13: 7
2025-04-27 15:03:46,605 - DEBUG - Traitement de l'image 1 (xref: 120) sur la page 13
2025-04-27 15:03:46,605 - DEBUG - Image sauvegardÚe: C:\Users\MIZIK\AppData\Local\Temp\madsea_test_ocr_n_5y_sba\page13_panel1.jpeg (185214 bytes)
2025-04-27 15:03:46,626 - DEBUG - ['C:\\Program Files\\Tesseract-OCR\\tesseract.exe', 'C:\\Users\\MIZIK\\AppData\\Local\\Temp\\tess_fkt40vv1_input.PNG', 'C:\\Users\\MIZIK\\AppData\\Local\\Temp\\tess_fkt40vv1', '-l', 'fra+eng', '--psm', '6', 'txt']
2025-04-27 15:03:46,812 - DEBUG - Texte OCR trouvÚ image 1 page 13 (25 caractÞres)
2025-04-27 15:03:46,812 - DEBUG - Traitement de l'image 2 (xref: 121) sur la page 13
2025-04-27 15:03:46,814 - DEBUG - Image sauvegardÚe: C:\Users\MIZIK\AppData\Local\Temp\madsea_test_ocr_n_5y_sba\page13_panel2.jpeg (194938 bytes)
2025-04-27 15:03:46,836 - DEBUG - ['C:\\Program Files\\Tesseract-OCR\\tesseract.exe', 'C:\\Users\\MIZIK\\AppData\\Local\\Temp\\tess_4vk0h4gd_input.PNG', 'C:\\Users\\MIZIK\\AppData\\Local\\Temp\\tess_4vk0h4gd', '-l', 'fra+eng', '--psm', '6', 'txt']
2025-04-27 15:03:47,020 - DEBUG - Texte OCR trouvÚ image 2 page 13 (19 caractÞres)
2025-04-27 15:03:47,020 - DEBUG - Traitement de l'image 3 (xref: 122) sur la page 13
2025-04-27 15:03:47,021 - DEBUG - Image sauvegardÚe: C:\Users\MIZIK\AppData\Local\Temp\madsea_test_ocr_n_5y_sba\page13_panel3.jpeg (255210 bytes)
2025-04-27 15:03:47,047 - DEBUG - ['C:\\Program Files\\Tesseract-OCR\\tesseract.exe', 'C:\\Users\\MIZIK\\AppData\\Local\\Temp\\tess_w9ohdyzb_input.PNG', 'C:\\Users\\MIZIK\\AppData\\Local\\Temp\\tess_w9ohdyzb', '-l', 'fra+eng', '--psm', '6', 'txt']
2025-04-27 15:03:47,343 - DEBUG - Texte OCR trouvÚ image 3 page 13 (113 caractÞres)
2025-04-27 15:03:47,343 - DEBUG - Traitement de l'image 4 (xref: 123) sur la page 13
2025-04-27 15:03:47,344 - DEBUG - Image sauvegardÚe: C:\Users\MIZIK\AppData\Local\Temp\madsea_test_ocr_n_5y_sba\page13_panel4.jpeg (221073 bytes)
2025-04-27 15:03:47,367 - DEBUG - ['C:\\Program Files\\Tesseract-OCR\\tesseract.exe', 'C:\\Users\\MIZIK\\AppData\\Local\\Temp\\tess_78o1pq02_input.PNG', 'C:\\Users\\MIZIK\\AppData\\Local\\Temp\\tess_78o1pq02', '-l', 'fra+eng', '--psm', '6', 'txt']
2025-04-27 15:03:47,577 - DEBUG - Texte OCR trouvÚ image 4 page 13 (35 caractÞres)
2025-04-27 15:03:47,578 - DEBUG - Traitement de l'image 5 (xref: 124) sur la page 13
2025-04-27 15:03:47,579 - DEBUG - Image sauvegardÚe: C:\Users\MIZIK\AppData\Local\Temp\madsea_test_ocr_n_5y_sba\page13_panel5.jpeg (553523 bytes)
2025-04-27 15:03:47,610 - DEBUG - ['C:\\Program Files\\Tesseract-OCR\\tesseract.exe', 'C:\\Users\\MIZIK\\AppData\\Local\\Temp\\tess_h5qaoqs5_input.PNG', 'C:\\Users\\MIZIK\\AppData\\Local\\Temp\\tess_h5qaoqs5', '-l', 'fra+eng', '--psm', '6', 'txt']
2025-04-27 15:03:48,238 - DEBUG - Texte OCR trouvÚ image 5 page 13 (270 caractÞres)
2025-04-27 15:03:48,238 - DEBUG - Traitement de l'image 6 (xref: 125) sur la page 13
2025-04-27 15:03:48,239 - DEBUG - Image sauvegardÚe: C:\Users\MIZIK\AppData\Local\Temp\madsea_test_ocr_n_5y_sba\page13_panel6.jpeg (196414 bytes)
2025-04-27 15:03:48,259 - DEBUG - ['C:\\Program Files\\Tesseract-OCR\\tesseract.exe', 'C:\\Users\\MIZIK\\AppData\\Local\\Temp\\tess_7h7ubwgn_input.PNG', 'C:\\Users\\MIZIK\\AppData\\Local\\Temp\\tess_7h7ubwgn', '-l', 'fra+eng', '--psm', '6', 'txt']
2025-04-27 15:03:48,425 - DEBUG - Texte OCR trouvÚ image 6 page 13 (3 caractÞres)
2025-04-27 15:03:48,425 - DEBUG - Traitement de l'image 7 (xref: 17) sur la page 13
2025-04-27 15:03:48,426 - DEBUG - Image sauvegardÚe: C:\Users\MIZIK\AppData\Local\Temp\madsea_test_ocr_n_5y_sba\page13_panel7.png (194 bytes)
2025-04-27 15:03:48,428 - DEBUG - ['C:\\Program Files\\Tesseract-OCR\\tesseract.exe', 'C:\\Users\\MIZIK\\AppData\\Local\\Temp\\tess_1twli37v_input.PNG', 'C:\\Users\\MIZIK\\AppData\\Local\\Temp\\tess_1twli37v', '-l', 'fra+eng', '--psm', '6', 'txt']
2025-04-27 15:03:48,549 - DEBUG - Texte OCR trouvÚ image 7 page 13 (9 caractÞres)
2025-04-27 15:03:48,549 - INFO - Extraction terminÚe pour d:\madsea\pdf storyboard\E202_nanoTech 2024-04-09 11.25.08.pdf. 99 blocs de texte, 91 images.
2025-04-27 15:03:48,550 - INFO - Document PDF fermÚ: d:\madsea\pdf storyboard\E202_nanoTech 2024-04-09 11.25.08.pdf
Lancement du test d'extraction sur: d:\madsea\pdf storyboard\E202_nanoTech 2024-04-09 11.25.08.pdf
----------------------------------------------------------------------
Dossier de sortie temporaire crÚÚ : C:\Users\MIZIK\AppData\Local\Temp\madsea_test_ocr_n_5y_sba

--- R╔SULTATS DE L'EXTRACTION ---

** Texte extrait (Natif + OCR PrÚtraitÚ): **
--- Page 1 Texte Natif ---E202_NANOTECH
Boards: 78  |  Shots: 23  |  Duration: 34425:00:15  |  Aspect Ratio: 16 : 9
DRAFT: APRIL 9, 2024
Page: 1 / 13
1A
0:00
LÆautre jour, jÆÚtais au cinÚma avec mon amie Sofia 
pour voir le dernier film de super hÚros. Ce que jÆaime 
bien avec elle, cÆest quÆaprÞs au cafÚ, on peut 
dÚbriefer Ó la fois le scÚnario et tout le c¶tÚ 
technoscience, parfois tirÚ par les cheveux ou alors 
complÞtement incomprÚhensible pour moi. Sofia 
mÆexplique le multivers et moi en Úchange, je lui 
raconte des trucs marrants. 
EXT. Cinema - Today
PL
le cinema est surplombÚ d'une affiche type Marvel
le duo, en pleine discussion, sort du cinema et s'installe 
sur la terrasse exterieur
1B
0:20
LÓ, je lui ai confiÚ une anecdote Ó propos de mon fils. 
Pour ses cinq ans, il nous avait demandÚ la 
combinaison de lÆhomme araignÚe. AprÞs lÆavoir 
enfilÚ, sans quÆon ait le temps de rien dire, il a couru 
vers le mur et essayÚ de grimper Ó la verticale. 
╔videmment, il sÆest ramassÚ lamentablement... Bon, 
jÆavoue quÆaprÞs avoir sÚchÚ ses larmes, jÆai ri 
intÚrieurement. 
EXT. terrasse Cinema - today
PR
le narrateur discute, il mime son fils voulant grimper au 
mur
Sofia rigole a pleine dents
1C
0:39
AprÞs cette histoire, comme Sofia a toujours le chic 
pour mÆÚpater, elle mÆa tout simplement affirmÚ quÆun 
jour, grimper au mur avec une combinaison spÚciale, 
þa serait de la rigolade. Elle a ajoutÚ quÆon pourrait 
fabriquer des cÔbles capables dÆaller de la Terre 
jusquÆÓ la lune, quÆon pourrait fabriquer des voitures Ó 
partir de molÚcules, quÆon pourrait mÛme faire 
pousser nos membres comme des queues de lÚzardá! 
Commentá? GrÔce Ó une dÚcouverte absolument 
incroyable, pleine de promesse, mais aussi, pas tout Ó 
fait sans risques... les nanotechnologiesá!
EXT. terrasse cinema - today
PR contre champs
sofia explique le futur de la nano technologie, la camera 
monte et passe sur l'affiche du marvel-like avec un 
homme areignÚe. la camera continue et dÚvoile une 
skyline ou les batiments poussent( style armure ironman 
3)
2A
1:06
3A
1:08
Je ne sais pas si cÆest bon signe... Mais celui que lÆon 
considÞre comme le pÞre des nanotechnologies a 
travaillÚ sur le projet Manhattan. Vous savez, ce 
programme secret dirigÚ par Oppenheimer pour 
dÚvelopper la premiÞre bombe nuclÚaire. 
RECYCLAGE PDR MANHATTAN
13:09
3B
1:19
Richard Feynman, physicien amÚricain surdouÚ, 
nÆavait quÆune vingtaine dÆannÚes Ó lÆÚpoque. Il venait Ó 
peine de terminer ses Útudes. Plus tard, il obtiendrait 
un prix Nobel de Physique. Mais avant en 1959, cÆest 
ce fin connaisseur de lÆÚchelle atomique qui pose les 
bases de la ½ánanotechnologieá╗. 
RECYCLAGE PDR MANHATTAN
13:00
--- Page 1 Image OCR (Panel 1) ---i æ
J - gb, . ~vaNT NA y æ we,
~~ ak CINEWILLIAM we
--- Page 1 Image OCR (Panel 2) ---4Æ
.
t ùIù> a, ov
ô oS : BP ji i | q
--- Page 1 Image OCR (Panel 3) ---one .
ætw " .
rie |
. ; \
LN
--- Page 1 Image OCR (Panel 4) ---CEN
--- Page 1 Image OCR (Panel 5) ---R
--- Page 1 Image OCR (Panel 6) ---R
--- Page 1 Image OCR (Panel 7) ---1 .
iss i
--- Page 2 Texte Natif ---E202_NANOTECH
Boards: 78  |  Shots: 23  |  Duration: 34425:00:15  |  Aspect Ratio: 16 : 9
DRAFT: APRIL 9, 2024
Page: 2 / 13
3C
1:34
Dans un discours devenu cÚlÞbre, il a dÚcrit comment 
les scientifiques pourraient Ó lÆavenir manipuler voire 
assembler atomes et molÚcules. Et Ó partir de lÓ, Ûtre 
capables de fabriquer quasiment nÆimporte quoiá! Pour 
commencer Ó passer du rÛve Ó la rÚalitÚ, il faudra 
quand mÛme quelques dÚcennies, ponctuÚes 
dÆexpÚriences en tous genres, et ce, dans toutes les 
disciplines.
INT. SociÚtÚ amÚricaine de physique - 1959
devant la foule, Feinman parle des possibilitÚs devant 
l'audience
3D
1:51
En 1974, nous sommes dans lÆempire mondial de 
lÆÚlectronique, au Japon. Norio Taniguchi, professeur Ó 
l'universitÚ des sciences de Tokyo, est le premier Ó 
utiliser le terme ½ánanotechnologieá╗. Il emploie ce mot 
pour dÚcrire des procÚdÚs de fabrication de semi-
conducteurs. Ces piÞces devenues aujourdÆhui 
essentielles pour un ordinateur, un tÚlÚphone portable 
ou encore une console de jeux.
INT. UNIVERSITE TOKYO - 1974
PE
TANIGUCHI parle des nanotechnologies. au tableau, 
derriere lui, l'ÚlÚment Si (Silicon) ainsi qu'une puce de 
processeur de l'Úpoque
3E
2:09
Taniguchi prÚdit alors quÆÓ la fin des annÚes 80, on 
sera capable de fabriquer des puces dÆenviron 100 nm. 
Oui, pardon jÆavoue, moi non plus, avant dÆavoir 
discutÚ avec Sofia, je ne me rendais pas bien compte 
de ce que þa pouvait reprÚsenter 100 nm...
INT. usine de fabrication de processeur - 1980
GP
sur un tapis, des puces sont fabriquÚ a la chaine par un 
robot
4A
2:11
Le prÚfixe "nano" vient du grec "nannos", qui signifie 
"nain", tout bÛtement. Imaginez un mÞtre que vous 
divisez en centimÞtres puis en millimÞtres. Et bien, on 
est encore trÞs, trÞs, loin du compte. En fait, un 
nanomÞtre, c'est un milliard de fois plus petit qu'un 
mÞtre, Ó peine quelques atomes. Par exemple, quatre 
atomes de silicium c¶te Ó c¶te, voilÓ, cÆest un 
nanomÞtre.
LABO
la camera tourne autour d'un club de golf, qui se 
retrouve a l'horizontal 
un tracÚ s'affiche, montrant que le club mesure 1 metre
l'unitÚ de mesure est inscrit en dessous et s'adapte 
dynamiquement lorsque la camera zoom pour se 
concentrer sur une plus petite zone. 
Crash zoom dans la tete du club
nous voyons les atomes et la regle de mesure
4B
2:30
Pour vous rendre compte du rapport dÆÚchelle. Entre 
notre monde, celui de la macro, et le monde nano, 
cÆest la mÛme diffÚrence qu'entre la planÞte Terre et 
une orange.
LABO
GP - camera orbitale
un orange au premier plan, la camera tourne et dÚvoile 
la terre
4C
2:39
Prenons ce tout petit objet que tout le monde conna¯t, 
un chas d'aiguille, cÆest-Ó-dire en gros un millimÞtre. 
Un cheveu, c'est 100 fois plus petit que le chas de 
cette aiguille. Cent fois plus petit que ce cheveu, vous 
avez le globule rouge qui transporte l'oxygÞne dans le 
sang. Environ trois fois plus petit que ce globule, þa 
peut Ûtre un virus, celui de la rougeole, par exempleá: 
300 nanomÞtres.
Figurez-vous que les nanoparticules cÆest encore plus 
petitá! Pour avoir droit au titre de ½ánano-objetá╗, il faut 
Ûtre trois fois plus petit que le virus de la rougeole. 
LABO
GP sur le Chas d'un aiguille. la mesure est a l'ecran
un cheveux passe dans le trou, la camera zoom dessus, 
la mesure apparrait
la camera se tourne vers la droite. un globule rouge est 
a l'Úcran, un virus apparait a droite, les mesures 
s'affichent
Une particules apparait a droite du virus, portant la 
mmention "nano-objet"
--- Page 2 Image OCR (Panel 1) ---. ee ee nn 2d Senay In fer forbdumonnpilb thipaie an Mead 3 2 apie

wan WC oes lee Hermione cpene ce

. BNR), Neal FE ee oN AE Base ys Pp es i .

Pk ee eo ea i oon va vais ô4 ae
mon oe ve WPS afl
--- Page 2 Image OCR (Panel 2) ---7 oe mn FS
--- Page 2 Image OCR (Panel 3) ---it , |
e .- e 7 -5 a ,*
# "at s
a. => _ù ôaa me, . æ : e
en: ? .@
eS | eT
a ù
--- Page 2 Image OCR (Panel 4) ---q 10001 DNDN
a nl
--- Page 2 Image OCR (Panel 5) --->
--- Page 2 Image OCR (Panel 6) ---a
ak :
900 NM 300 NM 100 NM
--- Page 2 Image OCR (Panel 7) ---1 .
iss i
--- Page 3 Texte Natif ---E202_NANOTECH
Boards: 78  |  Shots: 23  |  Duration: 34425:00:15  |  Aspect Ratio: 16 : 9
DRAFT: APRIL 9, 2024
Page: 3 / 13
5A
3:08
Ce qui est fou, cÆest que les hommes ont fait trÞs t¶t 
des nanotechnologies... mais sans le savoir. LÆun de 
ces exemples, la coupe de Lycurgue, est exposÚ au 
British Museum Ó Londres. CÆest un vase en verre qui 
date de la Rome antique. 
INT. British museum - today
GP
depart au noir, la lumiere ambiante s'allume, la coupe 
est verte, puis elle disparait pour laisser place a une 
douche de lumiere illumine la coupe par l'interieur, elle 
devient rouge et translucide 
REF env : https://youtu.be/LLDiJL-oolE?
si=pxN9y3GfYDkGJh6i&t=112
couleur : https://wl-sympa.cf.tsp.li/resize/728x/jpg/be0/
c2e/5828645d589a2a9088edf9b1e5.jpg
5B
3:22
A cette Úpoque, on fabriquait un verre particulier en le 
mÚlangeant avec de lÆor et de lÆargent liquide dans 
des proportions infinitÚsimales, un vrai travail 
dÆalchimiste. Le vase avait cette particularitÚá: il 
changeait de couleur suivant quÆon lÆÚclairait par le 
devant ou par lÆarriÞre. Et on le sait aujourdÆhui, cÆest Ó 
lÆÚchelle nanomÚtrique quÆavait lieu ce processus, 
grÔce aux nanoparticules dÆor et dÆargent. 
INT. ATELIER VERRIER - IVeme
PM
Le verrier vÚrifie le verre fondu, puis saisie un bol d'or 
fondu avec sa pince, pour le verser dÚlicatement dans 
le verre
5C
3:41
La nature, elle, nÆa pas attendu lÆAntiquitÚ. En matiÞre 
de nanotechnologies, elle bat Ó plate couture la 
technologie humaine. Les matÚriaux du vivant sont 
tous des nano composites. Et cÆest mÛme dans cet 
infiniment petit que certains organismes dÚvoilent 
lÆorigine de leurs super-pouvoirs. 
EXT. FORET AMAZONIENNE 
PE
la vÚgÚtation est dense, des insectes volent dans toutes 
les directions, des oiseaux traversent le ciel. 
au sol, des animaux se dÚplacent (rongeurs / reptile)
6A
3:54
Allez, on sÆoffre une plongÚe dans la jungle africaine. 
Vous voyez sur le solá? Noná? Riená? CÆest normal, 
dans le tapis de feuilles, il y a une vipÞre du Gabon en 
embuscade. Parfaitement camouflÚe grÔce au 
contraste entre ses tÔches blanches et ses teintes 
noir, si intenses, quÆon a lÆimpression quÆil fait nuit 
noire Ó ces endroits. Le secret de ce noir particulier, 
on le distingue Ó lÆÚchelle nanomÚtrique.
Approchez-vous encore, on va pas vous mordre. C¶tÚ 
taches blanches, on a dÆabord comme des verrues et 
si on augmente la dÚfinition, on a comme un grillage. 
LABO
dans une maquette de jungle, la camera avance 
lentement.
la camera s'avance sur la vipere du gabon. le zoom 
ralenti, pour observer la vipere, puis crash zoom a 
l'echelle nanometrique
REF vipere macro / nano : https://www.nature.com/
articles/srep01846
6B
4:26
Dans les zones noires, on a une structure avec 
beaucoup plus de relief et si on pousse la rÚsolution, 
þa ressemble Ó un rÚcif de corail. Et cÆest cette 
structure dont les pointes ont diffÚrents angles, qui 
permet de capturer la lumiÞre. La lumiÞre est comme 
piÚgÚe, aucune onde lumineuse nÆest rÚflÚchie par la 
peau du serpent. Noir, cÆest noir.
LABO
echelle nanometrique
la lumiere tape sur le "Corail" et rebondi dans le piege. 
la lumiere le sort pas, donc c'est noir
imager le tracÚ de la lumiere
REF: https://www.futura-sciences.com/planete/actualites/
zoologie-mystere-camouflage-vipere-gabon-
ouest-46618/
6C
4:44
Si on mettait une vipÞre du Gabon en face dÆun 
camÚlÚon panthÞre, lequel serait le plus tÚnÚbreuxá? 
LÓ, il y aurait battle ! En mode guerrier, le camÚlÚon 
panthÞre prend les teintes les plus sombres, et en 
mode cool, il sort sa tenue de carnaval. 
LABO
face Ó face, la vipere et le camÚlÚon se dÚfient du 
regard
le cameleon change brusquement de couleur et 
deviens plus colorÚ
REFS :
couleur cameleon : https://img.freepik.com/photos-
premium/tete-gros-plan-cameleon-panthere-cameleon-
panthere-grimpant-branche-belle-couleur-
camele_488145-114.jpg
--- Page 3 Image OCR (Panel 1) ---Ne Ne ; ae CH

Nee ae A \

ws. : a oe fi
woe \-_ y
--- Page 3 Image OCR (Panel 2) ---fis \3
--- Page 3 Image OCR (Panel 3) ---"of 7 x 8 ae ant, Ne ee
. ôSE AEP oS Cee Win.ö 3 et Cat > ee ic,
v2 ae eR ay
" 4 pe ee os Sane Eee; Pe Ok ee yee ares
: Week to. Be ei
e so RS agen Ce Ñ . a. sor. Pret i ot ait Sa 4%
. SE, ES ~ A ng ôha: '░ 8% oes base * } + aa
e ag ote Sen oe ee 5 Neo) Load ca . we a ee AD #7 Ñ
ee et eee tee
æ - eee ee æ ff VE. Sei es . Aö pong oR
: ½ ó Kor ES eee at Pe ee ee
Oe A Ne eee a
' Oe Re ee Na RS 2m fa Toe,
ee > , aPey*. x . .
Gr aie a 4 Face
: - a ô . x4 4 roe ù_ù_ù
iy hey \ ░ BBS a
--- Page 3 Image OCR (Panel 4) ---ù ö anal ö 1}
-_ó ╗ 4 o/ - A ~
ù-:ù_ o. fi. ░ : ôs ~
aö agg _ . ~ . - *
wa 4 we ; : ôoe, * ôex . 4
FE As! SR Note 7 4S
we? wo a eee -_ as ú Seite eee ù eG ES ee
SS SAN he Vales SRO DRS ee es Mt
--- Page 3 Image OCR (Panel 5) ---os ╗ úú Ab FB y/ / A i
~ OY > a a pf
--- Page 3 Image OCR (Panel 6) ---'@
} :
æ
eee q FEE itn tay
aie Sn Sisee SE 45. deg He =
Paige Oy et ee
ate ey, MEE sty Be geen Se 2
|; omg ors a en oT na
Yer we "
Re
A he : ev,
are
eT OF a=
A
--- Page 3 Image OCR (Panel 7) ---1 .
iss i
--- Page 4 Texte Natif ---E202_NANOTECH
Boards: 78  |  Shots: 23  |  Duration: 34425:00:15  |  Aspect Ratio: 16 : 9
DRAFT: APRIL 9, 2024
Page: 4 / 13
6D
4:58
Si ce camÚlÚon a une palette aussi impressionnante Ó 
sa disposition, cÆest lÓ encore au niveau nano que þa 
se joue. Non seulement, il a des pigments dans la 
peau comme la plupart des animaux qui font du 
mimÚtisme, mais il possÞde en plus des nanocristaux. 
LABO
camera orbitale
une fenetre zoom sur la peau pour montrer la peau en 
gros plan
6E
5:12
En jouant sur la concentration ou la dispersion des 
pigments, il peut dÚjÓ jouer sur les couleurs. Mais 
avec les nanocristaux, il peut aller encore plus loin et 
changer complÞtement ses teintes. En fait, cÆest son 
systÞme nerveux qui est aux commandes et qui 
dÚcide de la taille de ces nanocristaux. Ainsi quand la 
lumiÞre arrive sur sa peau, cette variation de taille 
change les longueurs dÆondes absorbÚes. Et donc les 
couleurs quÆil veut bien communiquer Ó son entourage.
LABO
GP sur la peau du camÚlÚon,
les cristaux et pigments sont visible, on voit le 
gonflement justifiant les changements de couleurs
voici l'animation des pigments 
https://youtu.be/hOIiDMWxWvk?
si=kS4MaRzuSxdSnrA0&t=79
et les nanocristaux : https://youtu.be/hOIiDMWxWvk?
si=fJFYC3jbwajTm0kQ&t=95
6F
5:36
Chez les plantes aussi, tout se joue au niveau nano. 
Selon la structuration des fibres de cellulose et des 
molÚcules de lignine, les propriÚtÚs sont 
complÞtement diffÚrentes, des feuilles les plus 
souples aux bois les plus durs. Pour la coquille de 
certaines noix, on a un composite en trois dimensions, 
organisÚ pour former la structure la plus parfaite pour 
rÚsister aux agressions.
LABO
camera orbitale
7A
5:38
Sofia me lÆa rappelÚ gentimentá: lÆun des points les 
plus importants en sciences, cÆest lÆobservation. Au 
17e siÞcle, lÆinventions du microscope et du tÚlescope 
avaient permis aux scientifiques dÆÚtudier Ó la fois le 
trÞs petit et le trÞs lointain et de rÚvolutionner ainsi la 
biologie et lÆastronomie.
RECYCLAGE DECLICS S01
7:53
7B
5:53
Trois siÞcles plus tard, cÆest encore un outil qui permet 
une nouvelle rÚvolution. Celle-ci va toucher cette fois 
toutes les sciences. Parce quÆil sÆagit dÆobserver 
lÆinfiniment petit, Ó la base de toute matiÞre.
RECYCLAGE PRD internet
11:37
7C
6:03
Ãa se dÚroule en 1981. A un moment o¨ internet nÆest 
encore quÆune affaire de scientifiques et de militaires. 
O¨ le premier ordinateur portable arrive seulement 
sur le marchÚ. 
RECYCLAGE PRD internet
15:18
remplacer l'ordinateur fixe par un portable
--- Page 4 Image OCR (Panel 1) ---woeurg To |
' ░ Tae
BE TIP 4
" t
--- Page 4 Image OCR (Panel 2) ---ó Pr) « a
ia
Va _
; | "
ro gy _
 «
--- Page 4 Image OCR (Panel 3) ---CE
2 OZ
--- Page 4 Image OCR (Panel 4) ---R
--- Page 4 Image OCR (Panel 5) ---R
--- Page 4 Image OCR (Panel 6) ---R
--- Page 4 Image OCR (Panel 7) ---1 .
iss i
--- Page 5 Texte Natif ---E202_NANOTECH
Boards: 78  |  Shots: 23  |  Duration: 34425:00:15  |  Aspect Ratio: 16 : 9
DRAFT: APRIL 9, 2024
Page: 5 / 13
7D
6:12
Dans un laboratoire suisse, Ó Zurich, deux physiciens, 
frustrÚs de ne pas avoir le matÚriel adÚquat pour leurs 
recherches dÚcident de prendre les choses en main. 
Gerd Binnig et Heinrich Rohrer crÚent alors le 
microscope le plus puissant de lÆhistoire des 
sciencesá: le microscope Ó tunnel. Ils empocheront un 
prix Nobel pour cette invention qui permet dÆobserver 
des structures atomiques pour la premiÞre fois avec 
une telle prÚcision.
INT. LABORATOIRE 
PR - travelling arriere
Gerd Binnig et Heinrich Rohrer travaille sur le 
microscope a tunnel, l'un d'eux regarde a l'interieur, le 
second, au premier plan, parle du rÚsultat attendu
8A
6:32
A lÆextrÚmitÚ dÆun microscope Ó tunnel, il y une pointe 
trÞs fine constituÚe de seulement... quelques 
atomesá!
Juste en dessous, la surface de l'Úchantillon. Ils ont 
tous les deux ce quÆon appelle des ½áÚnergies 
potentiellesá╗, et elles sont diffÚrentes. 
A une Úchelle normale, si on approche la pointe de 
cette surface, il ne se passe rien. Il nÆy pas dÆinteraction 
car les Úlectrons ne sont pas capables de passer de la 
pointe vers la surface. CÆest ce quÆon appelle une 
½ábarriÞre de potentielá╗.
Mais Ó la toute petite Úchelle des atomes de la pointe, 
il se crÚe un effet propre Ó la physique quantiqueá: 
½álÆeffet tunnelá╗. Il existe alors une probabilitÚ pour que 
les Úlectrons puissent traverser la barriÞre de potentiel, 
contournant les limites de la physique classique. 
LABO
la camera tourne autour du microscope a tunnel avant 
de zoomer sur la pointe pour montrer la pointe 
atomique.
8B
6:53
Cela crÚe un courant Úlectrique, et on sait alors o¨ se 
trouve le premier atome de lÆÚchantillon. En gardant le 
mÛme courant et en se dÚplaþant, on recueille des 
informations. Un peu comme si on dÚcouvrait la forme 
dÆun visage en tÔtant avec les mains alors quÆon a les 
yeux fermÚs.
Quand la pointe est plus proche d'un relief, le courant 
augmente. Quand, au contraire, elle survole un creux, 
le courant diminue.áEn procÚdant ligne par ligne on 
finit par rÚaliser un scan. 
LABO
TGP
la pointe atomique se dÚplace sur une surface d'atomes 
a differentes hauteurs, une jauge indique l'intensitÚ du 
courant en fonction de la distance.
8C
7:18
Avec ce microscope, Gerd Binnig et Heinrich Rohrer 
ont pu observer la premiÞre structure atomique en 
haute rÚsolutioná! 
LABO
le microscope continue son scan en arriere plan, sur un 
ecran le rÚsultat apparait 
REF : https://fr.wikipedia.org/wiki/Microscope_
%C3%A0_effet_tunnel
9A
7:23
Trois ans aprÞs lÆinvention de ce microscope, on 
franchit une nouvelle Útape dans cette conquÛte 
nano,áÓ Houston, aux Etats-Unis. Une ville devenue 
mondialement connue grÔce Ó son centre spatial.
EXT. NASA CENTER - XXe
PE - travelling avant
nous dÚcouvrons le batiment de la nasa
9B
7:25
En 1984, alors que les astronautes de la navette 
Challenger rÚparent pour la premiÞre fois un satellite 
dans lÆespace, quatre scientifiques sÆescriment Ó 
recrÚer un coin dÆunivers lointain dans leur 
laboratoire. 
A leur tÛte, un Anglais, qui a ÚtÚ fan de Meccano dans 
sa jeunesseá: Harry Kroto. 
INSPIRATION PDR LUNE
18:48
meme plan, en remplacant la station par un satellite et 
ajouter des cosmonautes
--- Page 5 Image OCR (Panel 1) ---_ù '
~ no 4 \ mh
J iN =v | \ ay ey
æ il RW : : mm ùù
er Wes Ay) | ; t |] ôee ! 4
. fe rs mie "ONS fae eee ö J
we i . 4 a Ve sy -
æ ay ;. e%e:
7 Wu - aia .
. ls 4 | a. \ | i
He Dies , ░ 8
7 EE
j - ean AP Oye
--- Page 5 Image OCR (Panel 2) ---vv
--- Page 5 Image OCR (Panel 3) ---EDy
--- Page 5 Image OCR (Panel 4) ---the
Z
Z Ps Z
Z 4 Z
Z Z
z A
a nA
Z Z
Zz Py Ú Z

Z Z

ö ö

wb
--- Page 5 Image OCR (Panel 5) ---f,
Æ .
ôaes
. ; ░.g te sas
æ At at is,
Ld * . way
se ue .
as ] a
;
6, _ =
ys æ ùs _- ù
* a _ùù oe
we rs Sn - zr Lt +
' qi a ial
: L = ay æ
ö - . .
. , : be
--- Page 5 Image OCR (Panel 6) ---R
--- Page 5 Image OCR (Panel 7) ---1 .
iss i
--- Page 6 Texte Natif ---E202_NANOTECH
Boards: 78  |  Shots: 23  |  Duration: 34425:00:15  |  Aspect Ratio: 16 : 9
DRAFT: APRIL 9, 2024
Page: 6 / 13
9C
7:40
Depuis des annÚes, il sÆintÚresse Ó un phÚnomÞne 
surprenant : dans lÆespace, les molÚcules de carbone 
semblent parfois se structurer diffÚremment de ce 
que lÆon conna¯t sur Terre.
INT. Laboratoire 1990
PP
un rechercheur regarde son ecran, surpris par la 
composition de la mollÚcule de carbone assemblÚ dans 
l'espace. 
un fullerene est a l'ecran
10A
7:49
Sur Terre, sous leurs formes les plus stables, celles du 
graphite ou du diamant, les molÚcules de carbone 
sÆorganisent selon une structure typique, 
complÞtement plane.
Pour sortir de ce schÚma, Kroto et son Úquipe 
reproduisent les conditions susceptibles de gÚnÚrer 
des structures diffÚrentes, cÆest-Ó-dire dans lÆespace, 
quand une Útoile est mourante.
LABO
devant un tableau affichant la mollÚcule de graphite et 
de diamant, KROTO explique que dans l'espace ils 
peuvent changer cette composition. en se dÚcallant, il 
revele la forme du fullerene 
10B
8:04
Pour cela, ils chauffent du graphite dans un 
environnement gazeux spÚcial. Et lÓ, cÆest une Únorme 
surprise. Ils dÚcouvrent une molÚcule complÞtement 
inattendue et hyper stable, en forme de ballon de foot. 
Un ballon de 60 panneaux, 60 atomes de carbone. 
Harry Kroto le baptise ½áfullerÞneá╗.
LABO
nous observons a travers le hublo du four. le graphite 
est au centre. un gaz apparait dans le four, puis la 
combustion dÚmarre
sur le cotÚ, un Úcran montre une version simplifiÚ du 
process : 
graphites > fullerene
10C
8:18
Contrairement Ó la thÚorie qui sÆimposait jusquÆÓ 
prÚsent, on sÆest alors aperþu quÆÓ une toute petite 
Úchelle, cÆest-Ó-dire, quand on a seulement 60, 100 
voire 10 000 atomes de carbone, le graphite ne reste 
pas plat. Il se courbe et forme des sphÞres ou des 
ellipses en fonction du nombre dÆatomes en prÚsence.
LABO
camera orbital
une molecule de graphite se transforme en Molecules 
de fullerene
11A
8:34
Pour la premiÞre fois de lÆhistoire, on a rÚussi Ó 
recrÚer une nanostructure existante dans lÆunivers, 
cÆest le vrai dÚbut des nanotechnologies. Harry Kroto 
recevra dÆailleurs un prix Nobel de chimie pour cette 
dÚcouverte.
INT. BUREAU 
travelling arriere
KROTO est dans son bureau, contemplant l'empleur de 
sa dÚcouverte
11B
8:45
Sept ans plus tard, un physicien japonais, ami dÆHarry 
Kroto, va encore plus loin. En synthÚtisant des 
fullerÞnes, il dÚcouvre complÞtement par hasard, en 
plus des structures sphÚriques espÚrÚes, un matÚriau 
de forme allongÚ inconnu au bataillon. 
Une structure atomique qui nÆexiste pas dans la 
natureá! 
INT. LABORATOIRE
LIJIMA tiens dans les mains le futur : le nanotube
--- Page 6 Image OCR (Panel 1) ---F a oS
--- Page 6 Image OCR (Panel 2) ---Sees ae
ae eae re te
eb ee . ô
Æ Bi
Petar seareee \
[
--- Page 6 Image OCR (Panel 3) ---=: ù -
ùùùùùùùùù
--- Page 6 Image OCR (Panel 4) ---NU atic te Oh ) 7
j bl ░ J
--- Page 6 Image OCR (Panel 5) ---awe Ö~ 1 - } ete eee a i
a <P pas tenn |
. bo feb SLs Te, sited 7ö : ant Tr Pa ba
ALR PEE fad BOT Seer te - ABN ie a
EAL OATS WF ASE Le Sty so ae
ra eos . aren wg. ar arth uae ~
Fee : Ay pat oh oteY oe apne , orn
ôShs ETFS he ge, Loge ô «. aay 7 OA ry:
cas im f eee . " aa an ty gc
eS Dy Rs eS
CO ae Pe Ag hats
* Matai - <Sr Sick a4
- ne) rf y} . VY + Ae or x4
es EP a s VN Z ES ù)
ö oe ó ee . Ooh d
_* æ40
a
--- Page 6 Image OCR (Panel 6) ---4
ôoÖ
. oi
5 _
. cr #
| . id
a
' _
. a.
watts, *E
. ù_ e& ne Nd
o-ó A rf) e
@ = Oe ie id
| au
- +╗ eantiPTomt ù.
--- Page 6 Image OCR (Panel 7) ---1 .
iss i
--- Page 7 Texte Natif ---E202_NANOTECH
Boards: 78  |  Shots: 23  |  Duration: 34425:00:15  |  Aspect Ratio: 16 : 9
DRAFT: APRIL 9, 2024
Page: 7 / 13
11C
8:59
Lijima vient de crÚer les nanotubes de carbone et 
lÆhomme vient de crÚer le premier objet artificiel de 
lÆÞre nanotechnologiqueá! En quelques annÚes, les 
nanotubes de carbone vont devenir les stars des 
nanotechnologies grÔce Ó leurs performances 
inou´es.
EXT. Buckminster FullerÆs Biosphere 
travelling avant
12A
9:01
Le nanotube est un tube creux dont les parois font un 
maillage rÚgulier en forme de pentagones ou 
d'hexagones, une sorte de grillage recourbÚ, le fil du 
grillage correspondant aux liaisons entre les atomes 
de carbone. 
Un grillage avec bien s¹r des dimensions riquiquiá: un 
millier de nanomÞtres en longueur pour un diamÞtre 
plus petit que le nanomÞtre. Pourquoi ce tube de rien 
du tout est-il devenu superstará? 
LABO
GP - camera orbitale
nous observons le nanutube.
synchronisÚ avec la VO, les ÚlÚments pointÚs 
s'illuminent
l'echelle s'affiche a l'Úcran
12B
9:21
Notamment parce que sa rÚsistance mÚcanique 
dÚpasse celle des meilleurs matÚriaux actuels. Il est 
plus rÚsistant que l'acier ou le kevlar. Certains 
nanotubes sont mÛme plus durs que la plus dure de 
toutes les roches existantes, le diamantá! Le tout, en 
Útant plus lÚger, un nanotube pÞse six fois moins 
quÆun tube en acier de la mÛme longueur.
LABO
le nanotube est sous une presse
la camera recule, 1 autre presss entre dans le champs. 
une avec une enclume sur le plateau.
les presses s'activent. les jauges affichent la pression : 
l'enclume explose a 450MPa. le nanotube s'ecrase a 
52700.
12C
9:48
Ils sont tellement rÚsistants quÆau jeu du tir Ó la corde, 
Ó supposer dÆavoir des mains nanomÚtriques, on 
pourrait placer 100 000 personnes de chaque c¶tÚ 
dÆun nanotube sans le casserá! 
LABO
GP - PL
GP sur le nanotube, auquel est accrochÚ une corde de 
chaque cotÚ. la camera pivote vers la droite, nanotube 
au premier plan, une foule immense en arriere plan, 
tirant la corde
12D
9:58
Les premiÞres applications industrielles Ó base de 
nanotubes ont dÚjÓ vu le jour notamment pour 
fabriquer des raquettes de tennis, des pÚdaliers de 
vÚlos ou encore des carrosseries de formule 1. Et 
dÆautres sont Ó lÆÚtude pour fabriquer par exemple des 
pales dÆÚoliennes plus longues, plus lÚgÞres, plus 
rÚsistantes.
LABO
travelling G>D
une raqueets, un velo de course et une formule 1 sont 
alignÚ, la camera passe de l'un a l'autre.
12E
10:13
Et ce nÆest pas toutá! Non seulement les nanotubes 
sont super rÚsistants, mais en plus, ils possÞdent une 
conductivitÚ hors du commun pour la chaleur et 
surtout l'ÚlectricitÚ. 
Dans un fil de cuivre classique, ce sont les Úlectrons 
libres du cuivre qui crÚent le courant en navigant dÆun 
atome Ó lÆautre. Mais ce mouvement nÆest pas 
complÞtement fluide. Il est gÛnÚ par les dÚfauts Ó 
lÆintÚrieur du mÚtal et aussi par des collisions avec 
dÆautres Úlectrons et dÆautres atomes. Tous ces chocs 
provoquent en fait un Úchauffement du fil et une 
perte dÆÚnergie. 
Avec les nanotubes, rien de tout þaá! La structure est 
parfaite, et les Úlectrons circulent sans rencontrer 
dÆobstacles, pour eux cÆest un toboggan de vacancesá! 
En injectant seulement 1 % de nanotubes de carbone 
dans un bout de plastique, on a dÚjÓ un fil 
parfaitement conducteur. 
LABO
GP
plan de coupe d'un cable. la camera s'approche...
Une serie de nanotube mis bout a bout dans un cable. 
les electrons circule a tres grandes vitesse. aucune 
chaleur n'est dÚgagÚ
la camera descend pour voir un cable classique
nous voyons le dÚplacement des electrons, qui ont du 
mal a circuler a cause des collisions avec d'autres 
electrons et atomes
le cable chauffe a cause des collision, illustrer la 
chaleur produite
--- Page 7 Image OCR (Panel 1) ---Mi
ay /- ISA Noe ne ee ee ie Oe ae ek 3
eGR \ pel <a Zz ave # we FON æ32
CNA eur B Wsaman 5a = : E:
ketiai tk as Na , rine ae ont
<a ùù Sane aia Te ô ô~
--- Page 7 Image OCR (Panel 2) ---yy? biglate & fia
e@ 5 4 4 yy 5 2)
wasnÆ
Wgö
Ong Er
ôyH0
--- Page 7 Image OCR (Panel 4) ---ùùùùùù
--- Page 7 Image OCR (Panel 7) ---1 .
iss i
--- Page 8 Texte Natif ---E202_NANOTECH
Boards: 78  |  Shots: 23  |  Duration: 34425:00:15  |  Aspect Ratio: 16 : 9
DRAFT: APRIL 9, 2024
Page: 8 / 13
13A
10:55
CÆest sacrÚment complexe de crÚer des 
nanostructures de toute piÞce. En revanche, pour ce 
qui est dÆimiter ce qui existe dÚjÓ, cÆest un poil plus 
facile. Et les modÞles se trouvent partout autour de 
nous dÞs lors quÆon observe la nature avec un 
microscope Ó tunnel ou avec son petit frÞreáplus 
rÚcent : le microscope Ó force atomique. 
EXT. JUNGLE
leger travelling avant
PL d'une foret, au premier plan un cameleon / lesard se 
dÚplace sur une branche, la tete en bas
en arriere plan, un papillon entre dans le champs en 
arriere plan, il semble lumineux, difficile a distinguer ce 
que c'est
13B
11:12
Plantes ou animaux, la nature est une mine dÆor 
infinie. En dehors du carbone, il existe des tonnes de 
molÚcules aux potentiels extrÛmement allÚchants. De 
quoi crÚer des mix de matÚriaux, des composites aux 
propriÚtÚs nouvelles incroyables... 
EXT. JUNGLE 
GP sur les ailes du papillon, dont les ailes ont une 
capacitÚ de reflection superieur a tout ce que l'homme 
peut fabriquer
14A
11:24
CÆest le biomimÚtisme Ó lÆÚchelle nanoá! La feuille de 
lotus par exemple, est un modÞle du genre pour 
repousser la moindre gouttelette dÆeau. 
Pour sa propre protection, elle est constituÚe dÆune 
double structure. DÆabord un Úpiderme formant des 
papilles de quelques microns et par-dessus une 
couche de cire superhydrophobe. Sur le lotus, les 
gouttes dÆeau ne peuvent absolument pas pÚnÚtrer 
dans les interstices. Elles ne font que rouler, 
emportant avec elles toutes les impuretÚs. LÆindustrie 
textile a reproduit cette structure en incorporant des 
nano particules pour rendre des vÛtements 
parfaitement hydrofuges. 
LABO
camera orbitale
une feuille de lotus flotte au dessus du plateau
Une goutte tombe sur la feuille et glisse
une fenetre de zoom s'ouvre pour montrer la surface de 
la feuille et pourquoi l'eau ne peut rester dessus, puis 
cette fenetre occupe tout l'ecran afin de montrer une 
goutte d'eau glissant en macro
nous sortons de la fenetre de zoom, le lotus est 
remplacÚ par un bateau high tech, dont la coque a une 
hydroresistance tres faible
REF : http://tpe-biomimetisme-chimie.e-monsite.com/
pages/le-biomimetisme-c-est-quoi/quelques-exemples-
actuels-d-inspiration-biomimetique/le-lotus.html
14B
11:39
Le lÚzard gecko possÞde lui des millions de 
nanofibres Ó lÆextrÚmitÚ de ses pattes qui lui 
permettent dÆadhÚrer Ó nÆimporte quelle surface. LÓ 
encore, des chercheurs ont imitÚ la nature en 
mÚlangeant des nanofibres de polyurÚthane et des 
nanotubes de carbone pour concevoir des objets 
super adhÚsifs tels que des pansements sans colle ou 
des robots capables de grimper au plafond sans 
sÆÚcraser comme des gamins rÛveurs...
LABO
camera orbitale autour d'un gecko
comme le prÚcÚdent, une fenetre de zoom s'ouvre pour 
montrer en details les nanofibres lui permettant de 
s'accrocher partout
la camera regarde le plafond (type reportage, c'est 
imprÚvu, pas stable) il y a.. un truc... au plafond. la 
camera zoom, c'est un gecko robot 
REF 
robot grimpeur : https://www.youtube.com/watch?
v=odAifbpDbhs&t=37s
15A
11:59
LÆÞre nano a des airs de Far-West o¨ la ruÚe vers lÆor 
ne se fait pas les pieds dans lÆeau avec un tamis mais, 
une blouse blanche sur le dos et les yeux derriÞre un 
microscope. Dans les laboratoires du monde entier, 
cÆest la course Ó lÆinnovation. 
INT. LABORATOIRE NANOTECH
dans le laboratoire, de nombreux chercheurs sont face 
a un microscope atomique, attendant un resultat
15B
12:14
Car le champ des applications possibles est immense. 
Ordinateurs aux capacitÚs de calculs et de stockages 
infinis. VÛtements capables de capter les rayons 
infrarouges pour vous rÚchauffer lÆhiver. ╔crans plats 
quÆon peut enrouler puis dÚrouler pour les fixer sur un 
mur comme une simple affiche. Les nanotechnologies 
nÆen sont quÆÓ leurs balbutiements.*
EXT. RUE Parisienne - an 3000
travelling arriere
un groupe de pieton attend pour traverser. quelques 
voitures passent, puis, sur le sol, le passage cloutÚ se 
dessinent au sol.
sur un batiment, un ouvrier 
Au premier plan, Une Joggueuse dÚroule un IPAD 
flexible, qu'elle attache a son bras pour avoir le GPS
--- Page 8 Image OCR (Panel 1) ---RS | : Ve .
cL - ' . fe ss.
* .* _ æ on wey oA, s
a
Le ; : % " ao ce ù ne ; 1 ~* ec?
ae OE ee gl it: \ =
xrÆ ee soy c
or a
a _ : _
--- Page 8 Image OCR (Panel 2) ---= Be Bie æ. . \
ôs AMS 4 x .~ ny
\Ss es foe pst ae - : A }
. Sg " Be Wee ol: a. mM, ape PA
--- Page 8 Image OCR (Panel 4) ---Pa a? æfee eS x ░
~ cn He ats ros A ae se
½ Bo pe Je Vas F 3 sige
, n Mei Hi hp PEW 4
HO pe a i) i aw /
Banindte º ees æaf ytd f |
e ; aan ve @ OEE
ô y oF
4 ue ~~ : *
ary iÆ eta < *,
ee , Wo. Ñ
> eT LY oe
Ey < see
y ase
--- Page 8 Image OCR (Panel 5) ---a : / = = : m -
ye > oe a
| le =
aro. ly SE
--- Page 8 Image OCR (Panel 6) ---al ╗. <a Sot
a oe Ey
os wes we Ba gers. a fl ee ae ù ot | a
- ae ft alae. = = arnt ae |b -mqn ee
ait!) Se eee
gen eee edÆ. ee. ee 8 A ROSS
<aÆ = _ Sn ùùù on mh)
--- Page 8 Image OCR (Panel 7) ---1 .
iss i
--- Page 9 Texte Natif ---E202_NANOTECH
Boards: 78  |  Shots: 23  |  Duration: 34425:00:15  |  Aspect Ratio: 16 : 9
DRAFT: APRIL 9, 2024
Page: 9 / 13
15C
12:30
Les propriÚtÚs des nanostructures sont tout 
bonnement incroyables. DÆautant plus que les 
molÚcules ont une autre particularitÚá: elles sont bien 
plus sensibles Ó lÆÚchelle nanomÚtrique que 
lorsquÆelles sont assemblÚes dans des structures plus 
grandes.
espace onirique
une cellule cancereuse flotte au centre du plan. des 
nanoparticules attaque la cellule cancereuse 
16A
12:40
Plus on diminue la taille d'un matÚriau, plus il devient 
rÚactif. Prenons un RubikÆs cube. Et divisons-le en 
petits cubes. Non, ce nÆest pas une technique pour 
rassembler les couleurs plus facilement ! 
Ãa permet de mieux visualiser ce phÚnomÞne : Ó 
savoir que pour le mÛme volume, on a au final plus de 
faces externes quÆavec la structure dÆorigine. Toutes 
les faces non colorÚes du cube sont dÚsormais 
apparentes.
MathÚmatiquement, þa signifie donc plus de surfaces 
dÆÚchange avec lÆenvironnement et donc un matÚriau 
plus rÚactifá! Pour absorber de la chaleur ou Úchanger 
des substances chimiques par exemple.
LABO
camera orbitale
Illustrer exactement la voix off
illuminer les faces lorsqu'elles sont ÚvoquÚes en VO
16B
13:09
Tout matÚriau est composÚ dÆatomesá: des noyaux 
autour desquels gravitent des Úlectrons. Quand les 
atomes rÚagissent, c'est pour libÚrer ou acquÚrir un ou 
plusieurs Úlectrons. Quand ces atomes se trouvent au 
c£ur du matÚriau en question, ils vont Úchanger ces 
Úlectrons avec leurs semblables. 
LABO
plusieurs atomes, nous focalisons sur un, au centre. les 
electrons gravitent autour, puis certain se dÚtachent 
pour rejoindre un autre atome, tandis que des nouveaux 
le rejoignent
16C
13:23
En revanche, quand ils se trouvent en surface, ils n'ont 
plus suffisamment de semblables avec qui interagir. 
CÆest la situation typique pour les nanoparticules, qui 
se retrouvent Ó Úchanger avec des atomes de leur 
environnement immÚdiat. Les atomes d'oxygÞne 
prÚsents dans l'air, par exemple. 
LABO
camera orbitale
un "Mur" d'atomes echange des electrons avec l'air
les 2 environnement doivent etre clairement sÚparÚs
transition crash dÚzoom
16D
13:36
CÆest ce qui se passe avec une invention incroyableá: 
les vitres autonettoyantes. Ces vitres sont enduites 
d'une fine couche de dioxyde de titane, sous forme de 
nanoparticules. Pourquoi du dioxyde de titaneá? Parce 
quÆil a cette capacitÚ Ó dÚcomposer les polluants sous 
lÆeffet de la lumiÞre.
Quand les rayons ultraviolets de la lumiÞre frappent la 
vitre, et comme la surface de contact est plus 
importante grÔce aux nanoparticules, des Úlectrons 
de dioxyde de titane sont ÚjectÚs. Ils se combinent 
avec des atomes d'oxygÞne prÚsents dans l'air, ce qui 
provoque l'excitation des molÚcules de dioxygÞne. 
Et comme les salissures sont en partie constituÚes de 
molÚcules carbonÚes, il y a une rÚaction chimique qui 
se crÚe. Ãa produit du CO2 et de la vapeur d'eau. Les 
saletÚs organiques sont alors dÚcomposÚes tandis 
que les autres se dÚtachent de la surface vitrÚe. 
Magique...
LABO
camera orbitale
la camera tourne legerement autour d'une vitre, sur 
laquelle un fin film vient se dÚposer. 
des photons viennent taper la vitre et produise une 
onde " netoyante" qui se propage a chaque impacte
la camera zoom pour montrer que les saletÚs tombent, 
la vapeur s'echappe de la vitre
17A
14:18
Peut-Ûtre un jour disposera-t-on dÆun gel dentifrice 
autonettoyant, nous permettant dÆavoir les dents 
saines et blanches rien quÆen ouvrant la bouche face 
au soleil... 
En attendant, des dents jusquÆau bout des ongles, le 
corps humain avec ses atomes en tous genres est un 
terrain de jeux sacrÚment intÚressant pour les 
nanotechnologies. 
INT/EXT. Fenetre immeuble - 2050
GP - PR / travelling arriere
Une femme, avec sa serviette sur la tete, affiche un 
large sourire a la fenetre pour se brosser les dents. 
apres quelques secondes, elle retourne a l'interieur 
pour continuer de se prÚparer. 
la camera recule
--- Page 9 Image OCR (Panel 1) ---rn) Hy NX <
ù 3 biG,
SSSA a B % . . . 1 ,
BoC ae aaa = lek eee At * oy ag" <i y :
ee fio Seer æ ~<a . fanart
\ -
\ ; ~ 4
--- Page 9 Image OCR (Panel 2) ---oe |
fa
ùùùùùù
--- Page 9 Image OCR (Panel 3) ---ao ne Ei oS fed yr 4 ie gg æe aa «
--- Page 9 Image OCR (Panel 4) ---Ww Vw
C
% %
%
%
9 s
æo .
--- Page 9 Image OCR (Panel 5) ---\
se Or foe oop fll | |
7 ~
ùùùùù
--- Page 9 Image OCR (Panel 6) ---a . ee
--- Page 9 Image OCR (Panel 7) ---1 .
iss i
--- Page 10 Texte Natif ---E202_NANOTECH
Boards: 78  |  Shots: 23  |  Duration: 34425:00:15  |  Aspect Ratio: 16 : 9
DRAFT: APRIL 9, 2024
Page: 10 / 13
17B
14:34
Des chercheurs ont dÚjÓ mis au point ou sont en train 
de dÚvelopper des nanostructures capables de 
rÚparer des cartilages, de faire battre un c£ur, de 
dÚlivrer des vaccins, dÆÚliminer des bactÚries, de 
piÚger des cellules cancÚreuses. Ils sont tout 
bonnement en train de bouleverser la mÚdecine.
INT LABORATOIRE
travelling arriere
une machine fabrique des medicaments en sÚrie
17C
14:48
Au dÚbut du 20eásiÞcle, le biologiste allemand Paul 
Ehrlich, considÚrÚ comme le pÞre de la chimiothÚrapie, 
thÚorisait lÆidÚe de la ½ámagic bulletá╗á:á la ½áballe 
magiqueá╗. Une arme thÚrapeutique capable de cibler 
directement les maladies. Avec les nanomÚdicaments, 
ce concept est devenu rÚalitÚ.
INT. laboratoire - XXe
PRP
Paul Ehrlich travaille dans son laboratoire, il tient son 
tube a essai, contenant son "magic bullet"
18A
15:01
Dans un corps humain, pour un mÚdicament quÆon 
ingurgite ou qui est injectÚ, les barriÞres sont 
nombreuses, cÆest un parcours du combattant avant 
dÆarriver sur les cellules malades. 
Si lÆon prend lÆexemple dÆun traitement chimique 
contre le cancer, au mieux, une particule de 
mÚdicament sur 100 000 atteint sa cible. Et de plus, 
ces mÚdicaments censÚs dÚtruire les cellules 
cancÚreuses attaquent aussi au passage des cellules 
saines dÆo¨ les effets secondaires importants.
LABO
camera orbitale
Une gellule de medicament personnifiÚ s'apprette a 
courir.
la rotation de la camera revele un parcours truffÚ de 
piege, dans lesquels de nombreux mÚdicament sont 
coincÚ ou en train de combattre
REF : 
parcours https://www.youtube.com/watch?
v=cxJqrxKchmU
ajouter des defenseurs reprÚsentant les organes
18B
15:23
Avec les nanotechnologies, on change la mÚthode. 
Les principes actifs pour soigner sont incorporÚs dans 
ce quÆon appelle un nanovecteur. CÆest le moyen de 
transport du mÚdicament. On choisit sa matiÞre, on 
dÚfinit sa taille, sa forme. Comme þa, non seulement il 
traverse toutes les barriÞres sans encombre, cÆest une 
sorte de camouflage, mais en plus, il va se fixer sur 
les cellules malades et seulement elles. On utilise 
ainsi des nanoparticules de silicium poreux, qui se 
dissout aprÞs avoir livrÚ ses colis de mÚdicaments.
LABO
La nanotech est en dessous d'un ecran, sur lequel 
dÚfile differente forme. la forme choisi est une ficelle. le 
nanotech prend cette forme
l'ecran se leve et le parcout du combattant est prÚsent. 
la nanotech avance serainement en esquivant tous les 
obstacles puis se fixe sur la cellule malade. cette 
derniere est soignÚ (passage du gris au rouge)la 
nanotech se dissous une fois sa misson accomplie
18C
15:49
Une autre mÚthode consiste Ó utiliser des 
nanoparticules dÆoxyde de fer qui vont elles 
sÆintroduire au sein des cellules cancÚreuses. Ensuite, 
depuis lÆextÚrieur du corps, on active un champ 
magnÚtique qui excite les atomes dÆoxyde de fer, cela 
produit de la chaleur et les cellules cancÚreuses sont 
dÚtruites.
LABO
GP
une cellule cancereuse est infiltrÚ par les 
nanoparticules.
une onde, reprÚsentant le champs magnÚtique, se 
propage et fait agiter les nanos, la chaleur dÚgagÚ est 
visible
la cellule cancereuse brulÚ
18D
16:04
Un autre champ prometteur en nanomÚdecine est 
celui de la rÚgÚnÚration de tissus, quÆils soient osseux, 
cutanÚs, nerveux, cardiaquesà 
Le principe est alors dÆutiliser 
desánanobiomatÚriauxáproches des tissus naturels 
endommagÚs. Ils servent de matrice, comme un 
Úchafaudage sur lequel des cellules dÚjÓ prÚsentes 
dans le corps ou implantÚes vont pouvoir se 
dÚvelopper. 
JusquÆÓ nous permettre dÆespÚrer la restauration de 
fonction vitalesá! 
LABO
en semi transparence, nous observons une double 
fracture. des morceaux sont manquant 
les nanos entre en scene et crÚÚ une toile entre les 
morceau. dans un second temps, l'os se reforme et se 
soude facilement grace au nano
--- Page 10 Image OCR (Panel 1) ---| : @ yy , ' at _ mae aw 4 3
--- Page 10 Image OCR (Panel 2) ---fe:
one oe, id
os oe a ne je
gist aa Piney ô= ere i 5 Fed eee ef F
--- Page 10 Image OCR (Panel 3) ---i a 4a \ | : :
s af. < st ae
4 7 =
'=- -3 = 22, =
~ ~ <@ ░ = . ù
co ~, ù 7 2
. i
<a
== L
ee a -ùùù
--- Page 10 Image OCR (Panel 4) ----. - 7 NS ae
\ ; aye ; - -_ ~~ N
: ½ loIR cam BAIS =
he ew Vo ae A et \S - @QEASE
, FRI Rad = \ \ = Vee a
' BAZ -ù 2 ax 4 YRS =
7+ MEE Gaal AY ~e ;
} ù ù
F Ñ 7
--- Page 10 Image OCR (Panel 5) ---=m 908 ®
@ ER Rey
e a iec Ye
12 NO a Tae 8H
et 2)
yest SS ES \ 2 ad
>╗ 2.0 Grae
@ Nall es. eo "7 % a
/ . Fs
--- Page 10 Image OCR (Panel 7) ---1 .
iss i
--- Page 11 Texte Natif ---E202_NANOTECH
Boards: 78  |  Shots: 23  |  Duration: 34425:00:15  |  Aspect Ratio: 16 : 9
DRAFT: APRIL 9, 2024
Page: 11 / 13
18E
16:22
On a ainsi implantÚ des nanofils de dioxyde de titane 
revÛtus de nanoparticules dÆor chez des souris 
aveugles Ó lÆarriÞre de la rÚtine. Ces nanoparticules 
permettent de reproduire ce que font 
lesáphotorÚcepteursánaturels de lÆ£il. Quand la 
lumiÞre arrive, elle modifie la tension Úlectrique 
locale, et active les neurones du nerf optique. Avec 
cette technique, des souris ont tout bonnement 
retrouvÚ la vue...
LABO
orbite - travelling arriere
en semi transparence, nous observons l'oeil de la 
souris.
en dorÚe, les nanos a la place des photorecepteur.
la lumiere arrive dans l'oeil, , la stimulation electrique 
envoyÚ au cerveau est en sur impression
19A
16:41
Dans la courte histoire des nanotechnologies, la 
grande Útape qui suit la fabrication de nanostructures 
se produit en 1998. 
LÆannÚe o¨ jÆai suivi Ó la tÚlÚvision des gars en short 
frappant dans un fullerÞne gÚant pour remporter la 
coupe du Monde. 
EXT, CHAMPS ELYSEE - 1998
PE
une nuÚe de drapeau francais sur les champs elysee, 
en fond l'arc de triomphe 
19B
16:54
Pendant ce temps-lÓ, deux physiciens franþais et 
Úcossais observaient Ó travers un microscope Ó tunnel 
une nanoparticule pas comme les autres. 
QuÆest-ce quÆelle avait de spÚcialá? Elle Útait en 
mouvement sur elle-mÛmeá! Et en plus, ces deux 
champions de la physique, comme deux footballeurs 
qui jonglent, pouvaient la faire tourner avec la pointe 
de leur microscope. 
INT LABO 
les 2 scientifiques observent le microscope a effet 
tunnel
19C
17:11
Ãa para¯t peut-Ûtre anodin comme þa, mais James 
Gimzewski et Christian Joachim venaient dÆouvrir un 
nouveau champ des nanosciencesá: celui des 
machines molÚculaires. AprÞs avoir observÚ, 
manipulÚ, crÚÚ des nanostructures, on savait 
dÚsormais les mettre en mouvement.
ONIRIQUE
la mise au point se fait, nous observons une machine 
molÚculaire
ref : https://culturesciences.chimie.ens.fr/thematiques/
chimie-organique/synthese-et-retrosynthese/prix-nobel-
de-chimie-2016-les-machines
19D
17:22
De lÓ Ó imaginer des nanorobots, des nanomachines, 
il nÆy a quÆun pas et certains, comme le chimiste 
amÚricain James Tour, lÆont franchi pour crÚer des 
nanovoituresá!
ONIRIQUE
Une nano voiture se dÚplace, la camera tourne autour
REF : https://dailyscience.be/26/04/2018/les-machines-
moleculaires-petites-mais-robustes/
20A
17:30
Sous le microscope, on a comme une nano usine de 
voiture. On part d'un ÚlÚment nano qui va servir de 
chÔssis. Et molÚcule par molÚcule, tout sÆagrÞge 
jusquÆÓ la touche finaleá: les roues. C'est la lumiÞre qui 
fournit l'Únergie. Quand on les Úclaire, les 
nanovoitures se mettent Ó rouler. ╔videmment, on ne 
peut pas transporter dÆhumains avec ces 
nanovoitures. 
LABO
nous observons l'autoassemblage tel que dÚcrit. 
une forte lumiere s'allume sur la crÚation finale, qui 
allimente la voiture, se mettant a avancer
--- Page 11 Image OCR (Panel 1) ---A.
Bh
.
* Ag ~ æas
~ ~S = ut PRE RS, xt
< $ ôiQ eas SOE
> ~~ a os ESS tie :
Se. ae Saar . eS :
; = =e Re
aa ù 7 a = . a =ù
aaa , ES
=e . ee anes .~ A ù ~~
et ee + meer a? - B f - 8
ae me 7 = = ôy ry ao Ö ~
en ee . Nhe Saag ce NS Pere a ikke nies AO RS MT
ae . a trees: Paueeationen te SE BS ~
a OTe OY eens a oan ee SS
. ees tT tee ew Ra sic e- nar om ans x of
os CSN os SDR a Sa el ENS ran
Ges ô I nae Rate rteö an SSO St
ôt a ne Sane Ceiba IS, =O Sa:
--- Page 11 Image OCR (Panel 2) ---: \ yg : ecaeinl e
Ts, aw y wage OE
*. . ô 3 ott 9. aaa
a ,; a dee Me
a Re a al ù .* ak. oa on,
dome eeu aia TO 1. git Vt ra.
. . } bd = e w . - aL . : ? . Ú :æ%, æ
fe > . hb . ~~
lg Gilg æFe
7 ù ya 7 ~~
--- Page 11 Image OCR (Panel 3) ---. ; i 7

ù_ù, ù ) wit og ye te

. py & 7 . r a Ls -Y > ù~
: ~ al Be OSG
oak wn . . ra
ee wer 8s"

/ ~ , . ~_ , Ne _/ ..

_ @ / woe ; æ y
--- Page 11 Image OCR (Panel 4) ---paar
Oe
--- Page 11 Image OCR (Panel 5) ---. æ . y YY Y
4 y roy |
, æ 4 ] ] v

æ \ 4 Æ v | ░ - I
--- Page 11 Image OCR (Panel 6) ---: : : 5 , 5, 4 ╗, æ ory oO ░ . . - ô
æ 4 æ re rf c I , 7 Y Y Y Y ve Ww Ww v y
Sper bb Yor voy
ase ee am:
ee ee Oe Ge ee 7 yo:
f 4 4 4 Y YY | YY
Ene Dt Tana
(<iq > YY
el yyy curry
--- Page 11 Image OCR (Panel 7) ---1 .
iss i
--- Page 12 Texte Natif ---E202_NANOTECH
Boards: 78  |  Shots: 23  |  Duration: 34425:00:15  |  Aspect Ratio: 16 : 9
DRAFT: APRIL 9, 2024
Page: 12 / 13
20B
17:48
James Tour est capable de produire plusieurs 
milliards de nanovoitures. CÆest autant que ce que 
l'industrie automobile a produit depuis deux siÞcles.
Comment est-ce possibleá? GrÔce Ó une technique que 
lÆon conna¯t trÞs bien puisque notre corps la met en 
pratique pour donner naissance Ó un Ûtre 
humainácomplet : lÆautoassemblage. CÆest-Ó-dire, la 
construction naturelle dÆune structure complexe Ó 
partir de quelques ÚlÚments de base, ici des protÚines 
dÆADN.
LABO
Camera orbitale
Une armÚe de voiture est sur la table
20C
18:09
LÆautoassemblage, cÆest cette capacitÚ quÆont les 
molÚcules Ó s'organiser spontanÚment, toutes seules, 
dÞs lors quÆon applique la bonne recette avec les bons 
ingrÚdients, le bon temps de cuisson, la bonne 
tempÚrature. 
Pour lÆinstant, on ne sait appliquer cette technique 
quÆÓ des structures nanomÚtriques mais les 
scientifiques travaillent Ó lÆÚlaboration de structures 
qui franchiraient la barriÞre de lÆinvisible. 
LABO
nous voyons les molÚcules s'attirer comme des aimants 
lorsqu'elles sont a proximitÚ. utiliser un code couleur 
pour montrer l'emplacement de chacune et que sa 
connexion est programmÚ, ce n'est pas la proximitÚ qui 
prime
REF : https://youtu.be/Mr7IEvlflnI?si=kWh2-
y5w2P3Q6aAp&t=265
20D
18:26
Par exemple, on nÆaurait plus besoin de dÚbiter tout 
un arbre pour obtenir juste un cure-dent. Il suffirait 
simplement d'assembler les atomes de bois qui 
composent ce cure-dent. 
Quant Ó crÚer ce cure-dent sans autoassemblage, 
donc atome par atome, nÆy pensez mÛme pas. Il 
faudrait des milliards dÆannÚes...
LABO
un arbre est au milieu du labo, un bucheron le regarde.
au premier plan, quelque chose bouge, changement de 
mise au point, un cure dent se forme en autogÚnÚration
21A
18:41
En mÛme temps, si je pouvais me projeter dans le 
futur, dans ma voiture molÚculaire qui se dÚplace Ó la 
lumiÞre du soleil, et avec mon dentifrice 
autonettoyant, je ne suis pas s¹r que jÆaurais encore 
besoin dÆun cure-dent. 
En revanche, jÆaurais peut-Ûtre besoin dÆune assurance 
voire dÆun avocat. Parce que dÆaprÞs ce que mÆa 
racontÚ Sofia, jÆai pas lÆimpression quÆon ma¯trise 
complÞtement les nanotechnologies...
EXT. RUE - 3000
tracking camera, pano G>D
dans sa voiture dÚcapotable alimentÚe par la lumiere, 
le narrateur se "bronse" les dents au soleil
mais l'orage gronde, la nanocapote s'autogÚnere tandis 
que la voiture s'eloigne
22A
18:53
En fait, dans le monde nano, les propriÚtÚs de la 
matiÞre changent. Prenez lÆeau par exemple. Si vous 
en versez sur une surface plane et bien cette eau va 
rester plate. Pareil pour un lac quand il nÆy a pas de 
vagues. CÆest normal, cÆest Ó cause de la gravitÚ. 
LABO
camera orbitale
une fiole d'eau est versÚ a meme la table, une petite 
flaque se forme
la force de la gravitÚ est reprÚsentÚ par une fleche ? 
22B
19:08
En revanche, si vous observez une petite goutte d'eau, 
elle nÆest pas plate, elle est ronde. Et si elle est 
sphÚrique, cÆest parce que la gravitÚ nÆest plus 
prÚdominante Ó cette Úchelle. 
Plus on va vers le trÞs petit, plus on s'approche de 
l'atome, et plus les propriÚtÚs changent. Les lois de la 
physique newtonienne classique sont remplacÚes par 
celles de la physique quantique. 
LABO
GP - camera orbitale
une goutte d'eau est sur la table.
reprÚsenter la gravitÚ, trop faible pour applatir la goutte
--- Page 12 Image OCR (Panel 1) ---ir.
aad <
ad ae
--- Page 12 Image OCR (Panel 2) ---<
3 s . _ æ
aw
Zh æ
--- Page 12 Image OCR (Panel 3) ---OOO
--- Page 12 Image OCR (Panel 4) ---me a
--- Page 12 Image OCR (Panel 5) ---~ BET oe
a ta ww
ro 7
ey
!
'
f
æ|
!
i
|
--- Page 12 Image OCR (Panel 6) ---Ly wy
o ôOs æ
, ░
Logs nee .
a. ie < .
3 4, Bs at
> cl. i:
░ bo Ss
░ :
a at
re 4 Cos =
y ve - ░ ~~. oss
d ? ? ? 2 .
a L eee 2 3
ian
--- Page 12 Image OCR (Panel 7) ---1 .
iss i
--- Page 13 Texte Natif ---E202_NANOTECH
Boards: 78  |  Shots: 23  |  Duration: 34425:00:15  |  Aspect Ratio: 16 : 9
DRAFT: APRIL 9, 2024
Page: 13 / 13
22C
19:28
Dans notre monde de gÚants, si on lance une balle 
contre un mur elle rebondit de maniÞre assez 
logique... pourvu quÆon soit pas trop maladroit.
LABO
camera orbitale
un mur est en bord de table, un canon a balle tire 
dessus 3 balles, une a cotÚ, une qui n'arrive pas 
jusqu'au mur et une qui le touche comme attendu
22D
19:36
Dans le monde nano, cÆest une tout autre histoire... et 
en plus pas Úvidente Ó concevoir je prÚfÞre vous 
prÚvenir... Ici, si on lance une nano balle contre un 
nano mur, dÚjÓ elle aura un mouvement ondulatoire, 
et en plus, cette balle peut tout Ó la fois rebondir bien 
s¹r, mais aussi, tenez-vous bien... traverser le mur, 
Ûtre ici, et Ûtre en mÛme temps ailleurs. Waow, 
bizarre... Mais cÆest ce quÆon appelle le principe 
dÆincertitude. 
Ajoutez Ó cela, la plus grande rÚactivitÚ des 
nanoparticules et cette taille qui leur permet de 
pÚnÚtrer quasiment partout, et vous vous retrouvez 
face Ó pas mal dÆinconnues quand vous les lÔchez 
dans la nature...
LABO
Crash zoom de transition
le canon a balle est remplacÚ par un canon a particules 
futuriste
la camera se place de profile
le canon charge puis tire sur le mur. 
la nano balle rebondit sur le mur et le traverse en 
meme temps
23A
20:09
Parce que lÆÞre des nanotechnologies nÆa mÛme pas 
50 ans, on manque encore de recul. Sur le long terme, 
on ne conna¯t pas les consÚquences de la prÚsence de 
ces nanostructures crÚes par lÆhomme, sur 
lÆenvironnement dÆune part et sur le corps humain 
dÆautre part. 
EXT. SKYLINE - futur
travelling avant
la camera progresse lentement dans une ville futuriste
23B
20:11
Comme nÆimporte quelle science ou technologie, les 
nanotechnologies mÚritent un encadrement pour 
Úviter les dÚrives. Et notamment celle qui consiste Ó 
introduire des nanoparticules dans des aliments ou 
des cosmÚtiques sans en informer clairement le 
consommateur. 
INT. SUPERMARCHE - FUTUR
PP
dans un rayon, un homme prend une boite de conserve 
et regarde la liste des ingredients. un peu perdu, il se 
gratte la tete, puis met la conserve dans son panier
23C
20:22
Surgie dans le secret des laboratoires, cette 
rÚvolution de lÆinvisible est en train de gagner 
progressivement sa place dans nos sociÚtÚs avec des 
applications qui touchent quasiment tous les 
domaines. De lÆinformatique jusquÆau BTP, en passant 
par la mÚdecine ou le secteur des Únergies 
renouvelables. Avec des promesses dÆefficacitÚ 
dÚmultipliÚe pour des co¹ts rÚduits de maniÞre 
drastique.
EXT: VILLE
dans les rues d'une ville deserte, les nano particules se 
propage et recouvre tout : habitation, vÚgÚtation, 
hopital/clinique, panneau publicitaire
23D
20:39
En manipulant lÆatome comme une simple brique de 
maþonnerie, lÆÛtre humain se rapproche dÆun pouvoir 
de crÚation quasi divin. Ou de celui dÆun apprenti 
sorcier...
DÚsormais, non seulement nous modelons la matiÞre 
dans ses moindres dÚtails mais un jour peut-Ûtre, nous 
pourrons transformer notre propre corps jusquÆÓ le 
doter de super-pouvoirs... 
INT. LOFT SKYCRAPPER
travelling arriere
assis en tailleur, NARRATEUR lit un livre. quelque chose 
semble etrange a l'exterieur...
la camera tourne en Z de 180, NARRATEUR est en fait 
au plafond
--- Page 13 Image OCR (Panel 1) ---ili ll il Lig
ttl i td ti
--- Page 13 Image OCR (Panel 2) ---Ay eee
Da Mi aun sa
--- Page 13 Image OCR (Panel 3) ---ô -
i ii ieee ah
ænea ESN ee ae) p) bsp) pl Li we is a \ ó a wi .(\
i ùSaRRemee Ç &,
aw Foy ese aid ASE. 2 xs
, i
--- Page 13 Image OCR (Panel 4) ---ù _,
wr gh æ j _.
| . ù_ * 1, of BY
--- Page 13 Image OCR (Panel 5) ---*: |
AMET 75 Oo aR DLAI Aare ce es Ry EI Lae
We ieee are,
= ' Be ET , aie
7 ee toad la, ô1 abe or
ù. ie hye: .
af ae a A a Be g5h RE
| a ee BO "
= ae ee x pigs geet FL ' oe | cay ii wane æeas
a æsc oe ar i: el USbd a, TS.
Saar eWane, Eset oe ù P ae
a ae >} Enh, me eh eg
--- Page 13 Image OCR (Panel 6) ---| .
--- Page 13 Image OCR (Panel 7) ---1 .
iss i

(Nombre total de caractÞres extraits: 53722)

** 91 images ont ÚtÚ extraites dans C:\Users\MIZIK\AppData\Local\Temp\madsea_test_ocr_n_5y_sba **

Nettoyage du dossier temporaire : C:\Users\MIZIK\AppData\Local\Temp\madsea_test_ocr_n_5y_sba
Nettoyage terminÚ.
----------------------------------------------------------------------
Test d'extraction terminÚ.
